bsp_driver_sd.c:56:9:BSP_SD_Init	16	static
bsp_driver_sd.c:84:9:BSP_SD_ITConfig	0	static
bsp_driver_sd.c:93:6:BSP_SD_DetectIT	0	static
bsp_driver_sd.c:100:13:BSP_SD_DetectCallback	0	static
bsp_driver_sd.c:115:9:BSP_SD_ReadBlocks	16	static
bsp_driver_sd.c:135:9:BSP_SD_WriteBlocks	16	static
bsp_driver_sd.c:154:9:BSP_SD_ReadBlocks_DMA	8	static
bsp_driver_sd.c:174:9:BSP_SD_WriteBlocks_DMA	8	static
bsp_driver_sd.c:193:9:BSP_SD_Erase	8	static
bsp_driver_sd.c:208:6:BSP_SD_IRQHandler	0	static
bsp_driver_sd.c:216:6:BSP_SD_DMA_Tx_IRQHandler	0	static
bsp_driver_sd.c:224:6:BSP_SD_DMA_Rx_IRQHandler	0	static
bsp_driver_sd.c:237:9:BSP_SD_GetCardState	8	static
bsp_driver_sd.c:247:6:BSP_SD_GetCardInfo	0	static
bsp_driver_sd.c:259:9:BSP_SD_IsDetected	8	static
