stm32f4xx_hal_spi.c:3150:13:SPI_AbortRx_ISR	8	static
stm32f4xx_hal_spi.c:3185:13:SPI_AbortTx_ISR	0	static
stm32f4xx_hal_spi.c:2908:26:SPI_WaitFlagStateUntilTimeout	24	static
stm32f4xx_hal_spi.c:2955:26:SPI_CheckFlag_BSY	16	static
stm32f4xx_hal_spi.c:379:13:HAL_SPI_MspInit	0	static
stm32f4xx_hal_spi.c:263:19:HAL_SPI_Init	8	static
stm32f4xx_hal_spi.c:394:13:HAL_SPI_MspDeInit	0	static
stm32f4xx_hal_spi.c:345:19:HAL_SPI_DeInit	8	static
stm32f4xx_hal_spi.c:449:19:HAL_SPI_Transmit	40	static
stm32f4xx_hal_spi.c:816:19:HAL_SPI_TransmitReceive	48	static
stm32f4xx_hal_spi.c:619:19:HAL_SPI_Receive	32	static
stm32f4xx_hal_spi.c:1039:19:HAL_SPI_Transmit_IT	0	static
stm32f4xx_hal_spi.c:1221:19:HAL_SPI_TransmitReceive_IT	12	static
stm32f4xx_hal_spi.c:1129:19:HAL_SPI_Receive_IT	12	static
stm32f4xx_hal_spi.c:1307:19:HAL_SPI_Transmit_DMA	8	static
stm32f4xx_hal_spi.c:1497:19:HAL_SPI_TransmitReceive_DMA	16	static
stm32f4xx_hal_spi.c:1400:19:HAL_SPI_Receive_DMA	16	static
stm32f4xx_hal_spi.c:1619:19:HAL_SPI_Abort	24	static
stm32f4xx_hal_spi.c:1862:19:HAL_SPI_DMAPause	0	static
stm32f4xx_hal_spi.c:1882:19:HAL_SPI_DMAResume	0	static
stm32f4xx_hal_spi.c:1902:19:HAL_SPI_DMAStop	8	static
stm32f4xx_hal_spi.c:2029:13:HAL_SPI_TxCpltCallback	0	static
stm32f4xx_hal_spi.c:2044:13:HAL_SPI_RxCpltCallback	0	static
stm32f4xx_hal_spi.c:2059:13:HAL_SPI_TxRxCpltCallback	0	static
stm32f4xx_hal_spi.c:2074:13:HAL_SPI_TxHalfCpltCallback	0	static
stm32f4xx_hal_spi.c:2383:13:SPI_DMAHalfTransmitCplt	8	static
stm32f4xx_hal_spi.c:2089:13:HAL_SPI_RxHalfCpltCallback	0	static
stm32f4xx_hal_spi.c:2396:13:SPI_DMAHalfReceiveCplt	8	static
stm32f4xx_hal_spi.c:2104:13:HAL_SPI_TxRxHalfCpltCallback	0	static
stm32f4xx_hal_spi.c:2409:13:SPI_DMAHalfTransmitReceiveCplt	8	static
stm32f4xx_hal_spi.c:2119:14:HAL_SPI_ErrorCallback	0	static
stm32f4xx_hal_spi.c:3095:13:SPI_CloseTx_ISR	16	static
stm32f4xx_hal_spi.c:2854:13:SPI_TxISR_8BIT	4	static
stm32f4xx_hal_spi.c:2878:13:SPI_TxISR_16BIT	4	static
stm32f4xx_hal_spi.c:3046:13:SPI_CloseRx_ISR	16	static
stm32f4xx_hal_spi.c:2765:13:SPI_RxISR_8BIT	0	static
stm32f4xx_hal_spi.c:2821:13:SPI_RxISR_16BIT	0	static
stm32f4xx_hal_spi.c:2972:13:SPI_CloseRxTx_ISR	16	static
stm32f4xx_hal_spi.c:2618:13:SPI_2linesTxISR_8BIT	4	static
stm32f4xx_hal_spi.c:2557:13:SPI_2linesRxISR_8BIT	0	static
stm32f4xx_hal_spi.c:2709:13:SPI_2linesTxISR_16BIT	4	static
stm32f4xx_hal_spi.c:2651:13:SPI_2linesRxISR_16BIT	4	static
stm32f4xx_hal_spi.c:2422:13:SPI_DMAError	8	static
stm32f4xx_hal_spi.c:2208:13:SPI_DMATransmitCplt	24	static
stm32f4xx_hal_spi.c:2252:13:SPI_DMAReceiveCplt	8	static
stm32f4xx_hal_spi.c:2319:13:SPI_DMATransmitReceiveCplt	16	static
stm32f4xx_hal_spi.c:1933:6:HAL_SPI_IRQHandler	32	static
stm32f4xx_hal_spi.c:2440:13:SPI_DMAAbortOnError	8	static
stm32f4xx_hal_spi.c:2136:13:HAL_SPI_AbortCpltCallback	0	static
stm32f4xx_hal_spi.c:1716:19:HAL_SPI_Abort_IT	24	static
stm32f4xx_hal_spi.c:2512:13:SPI_DMARxAbortCallback	16	static
stm32f4xx_hal_spi.c:2457:13:SPI_DMATxAbortCallback	16	static
stm32f4xx_hal_spi.c:2171:22:HAL_SPI_GetState	0	static
stm32f4xx_hal_spi.c:2183:10:HAL_SPI_GetError	0	static
