stm32f4xx_ll_sdmmc.c:1307:17:SDMMC_GetCmdResp2	0	static
stm32f4xx_ll_sdmmc.c:1349:17:SDMMC_GetCmdResp3	0	static
stm32f4xx_ll_sdmmc.c:234:19:SDIO_Init	8	static
stm32f4xx_ll_sdmmc.c:287:10:SDIO_ReadFIFO	0	static
stm32f4xx_ll_sdmmc.c:299:19:SDIO_WriteFIFO	0	static
stm32f4xx_ll_sdmmc.c:331:19:SDIO_PowerState_ON	0	static
stm32f4xx_ll_sdmmc.c:344:19:SDIO_PowerState_OFF	0	static
stm32f4xx_ll_sdmmc.c:361:10:SDIO_GetPowerState	0	static
stm32f4xx_ll_sdmmc.c:374:19:SDIO_SendCommand	8	static
stm32f4xx_ll_sdmmc.c:404:9:SDIO_GetCommandResponse	0	static
stm32f4xx_ll_sdmmc.c:421:10:SDIO_GetResponse	8	static
stm32f4xx_ll_sdmmc.c:1178:17:SDMMC_GetCmdResp1	8	static
stm32f4xx_ll_sdmmc.c:442:19:SDIO_ConfigData	8	static
stm32f4xx_ll_sdmmc.c:477:10:SDIO_GetDataCounter	0	static
stm32f4xx_ll_sdmmc.c:487:10:SDIO_GetFIFOCount	0	static
stm32f4xx_ll_sdmmc.c:501:19:SDIO_SetSDMMCReadWaitMode	0	static
stm32f4xx_ll_sdmmc.c:536:10:SDMMC_CmdBlockLength	40	static
stm32f4xx_ll_sdmmc.c:560:10:SDMMC_CmdReadSingleBlock	40	static
stm32f4xx_ll_sdmmc.c:584:10:SDMMC_CmdReadMultiBlock	40	static
stm32f4xx_ll_sdmmc.c:608:10:SDMMC_CmdWriteSingleBlock	40	static
stm32f4xx_ll_sdmmc.c:632:10:SDMMC_CmdWriteMultiBlock	40	static
stm32f4xx_ll_sdmmc.c:656:10:SDMMC_CmdSDEraseStartAdd	40	static
stm32f4xx_ll_sdmmc.c:680:10:SDMMC_CmdSDEraseEndAdd	40	static
stm32f4xx_ll_sdmmc.c:704:10:SDMMC_CmdEraseStartAdd	40	static
stm32f4xx_ll_sdmmc.c:728:10:SDMMC_CmdEraseEndAdd	40	static
stm32f4xx_ll_sdmmc.c:752:10:SDMMC_CmdErase	40	static
stm32f4xx_ll_sdmmc.c:776:10:SDMMC_CmdStopTransfer	40	static
stm32f4xx_ll_sdmmc.c:801:10:SDMMC_CmdSelDesel	40	static
stm32f4xx_ll_sdmmc.c:825:10:SDMMC_CmdGoIdleState	32	static
stm32f4xx_ll_sdmmc.c:848:10:SDMMC_CmdOperCond	32	static
stm32f4xx_ll_sdmmc.c:878:10:SDMMC_CmdAppCommand	40	static
stm32f4xx_ll_sdmmc.c:905:10:SDMMC_CmdAppOperCommand	32	static
stm32f4xx_ll_sdmmc.c:951:10:SDMMC_CmdSendSCR	40	static
stm32f4xx_ll_sdmmc.c:975:10:SDMMC_CmdSendCID	32	static
stm32f4xx_ll_sdmmc.c:999:10:SDMMC_CmdSendCSD	32	static
stm32f4xx_ll_sdmmc.c:1023:10:SDMMC_CmdSetRelAdd	40	static
stm32f4xx_ll_sdmmc.c:1047:10:SDMMC_CmdSendStatus	40	static
stm32f4xx_ll_sdmmc.c:1070:10:SDMMC_CmdStatusRegister	40	static
stm32f4xx_ll_sdmmc.c:1095:10:SDMMC_CmdOpCondition	32	static
stm32f4xx_ll_sdmmc.c:1119:10:SDMMC_CmdSwitch	40	static
stm32f4xx_ll_sdmmc.c:928:10:SDMMC_CmdBusWidth	0	static
