16:36:57 **** Incremental Build of configuration Debug for project SGP_Project ****
Info: Internal Builder is used for build
arm-atollic-eabi-gcc -c -mthumb -mcpu=cortex-m4 -mfloat-abi=hard -mfpu=fpv4-sp-d16 -std=gnu11 -D__weak=__attribute__((weak)) -D__packed=__attribute__((__packed__)) -DUSE_HAL_DRIVER -DSTM32F407xx -I../Inc -I../Drivers/STM32F4xx_HAL_Driver/Inc -I../Drivers/STM32F4xx_HAL_Driver/Inc/Legacy -I../Middlewares/Third_Party/FatFs/src/drivers -I../Middlewares/ST/STM32_USB_Device_Library/Core/Inc -I../Middlewares/ST/STM32_USB_Device_Library/Class/CDC/Inc -I../Drivers/CMSIS/Device/ST/STM32F4xx/Include -I../Middlewares/Third_Party/FatFs/src -I../Drivers/CMSIS/Include -Os -ffunction-sections -fdata-sections -g -fstack-usage -Wall -o Src\main.o ..\Src\main.c 
arm-atollic-eabi-gcc -o SGP_Project.elf Drivers\STM32F4xx_HAL_Driver\Src\stm32f4xx_hal.o Drivers\STM32F4xx_HAL_Driver\Src\stm32f4xx_hal_can.o Drivers\STM32F4xx_HAL_Driver\Src\stm32f4xx_hal_cortex.o Drivers\STM32F4xx_HAL_Driver\Src\stm32f4xx_hal_dma.o Drivers\STM32F4xx_HAL_Driver\Src\stm32f4xx_hal_dma_ex.o Drivers\STM32F4xx_HAL_Driver\Src\stm32f4xx_hal_flash.o Drivers\STM32F4xx_HAL_Driver\Src\stm32f4xx_hal_flash_ex.o Drivers\STM32F4xx_HAL_Driver\Src\stm32f4xx_hal_flash_ramfunc.o Drivers\STM32F4xx_HAL_Driver\Src\stm32f4xx_hal_gpio.o Drivers\STM32F4xx_HAL_Driver\Src\stm32f4xx_hal_pcd.o Drivers\STM32F4xx_HAL_Driver\Src\stm32f4xx_hal_pcd_ex.o Drivers\STM32F4xx_HAL_Driver\Src\stm32f4xx_hal_pwr.o Drivers\STM32F4xx_HAL_Driver\Src\stm32f4xx_hal_pwr_ex.o Drivers\STM32F4xx_HAL_Driver\Src\stm32f4xx_hal_rcc.o Drivers\STM32F4xx_HAL_Driver\Src\stm32f4xx_hal_rcc_ex.o Drivers\STM32F4xx_HAL_Driver\Src\stm32f4xx_hal_rtc.o Drivers\STM32F4xx_HAL_Driver\Src\stm32f4xx_hal_rtc_ex.o Drivers\STM32F4xx_HAL_Driver\Src\stm32f4xx_hal_sd.o Drivers\STM32F4xx_HAL_Driver\Src\stm32f4xx_hal_spi.o Drivers\STM32F4xx_HAL_Driver\Src\stm32f4xx_hal_tim.o Drivers\STM32F4xx_HAL_Driver\Src\stm32f4xx_hal_tim_ex.o Drivers\STM32F4xx_HAL_Driver\Src\stm32f4xx_hal_uart.o Drivers\STM32F4xx_HAL_Driver\Src\stm32f4xx_hal_usart.o Drivers\STM32F4xx_HAL_Driver\Src\stm32f4xx_ll_sdmmc.o Drivers\STM32F4xx_HAL_Driver\Src\stm32f4xx_ll_usb.o Middlewares\ST\STM32_USB_Device_Library\Class\CDC\Src\usbd_cdc.o Middlewares\ST\STM32_USB_Device_Library\Core\Src\usbd_core.o Middlewares\ST\STM32_USB_Device_Library\Core\Src\usbd_ctlreq.o Middlewares\ST\STM32_USB_Device_Library\Core\Src\usbd_ioreq.o Middlewares\Third_Party\FatFs\src\diskio.o Middlewares\Third_Party\FatFs\src\drivers\sd_diskio.o Middlewares\Third_Party\FatFs\src\ff.o Middlewares\Third_Party\FatFs\src\ff_gen_drv.o Middlewares\Third_Party\FatFs\src\option\syscall.o Src\bsp_driver_sd.o Src\can.o Src\fatfs.o Src\gpio.o Src\main.o Src\rtc.o Src\sdio.o Src\spi.o Src\stm32f4xx_hal_msp.o Src\stm32f4xx_it.o Src\system_stm32f4xx.o Src\tim.o Src\usart.o Src\usb_device.o Src\usbd_cdc_if.o Src\usbd_conf.o Src\usbd_desc.o startup\startup_stm32f407xx.o -mthumb -mcpu=cortex-m4 -mfloat-abi=hard -mfpu=fpv4-sp-d16 -T../STM32F407VG_FLASH.ld -Wl,--start-group -lc -lm -Wl,--end-group -specs=nano.specs -specs=nosys.specs -static -Wl,-Map=SGP_Project.map -Wl,--gc-sections -Wl,--defsym=malloc_getpagesize_P=0x80 
C:\Program Files (x86)\Atollic\TrueSTUDIO for ARM 7.1.2\ide\jre\bin\java -jar C:\Program Files (x86)\Atollic\TrueSTUDIO for ARM 7.1.2\Tools\arm-atollic-reports.jar sizeinfo list C:\Users\Hugo\Documents\SGP Project\STM32_Development\SGP_Project\Debug\SGP_Project.elf 
Generate build reports...
Print size information
   text	   data	    bss	    dec	    hex	filename
  24228	    452	   4316	  28996	   7144	C:\Users\Hugo\Documents\SGP Project\STM32_Development\SGP_Project\Debug\SGP_Project.elf
Print size information done
Generate listing file
Output sent to: C:\Users\Hugo\Documents\SGP Project\STM32_Development\SGP_Project\Debug\SGP_Project.list
Generate listing file done
Generate build reports done

16:36:58 Build Finished (took 1s.144ms)

