Archive member included to satisfy reference by file (symbol)

c:/program files (x86)/atollic/truestudio for arm 7.1.2/armtools/bin/../lib/gcc/arm-atollic-eabi/5.3.1/../../../../arm-atollic-eabi/lib/armv7e-m/fpu\libc_nano.a(lib_a-init.o)
                              startup\startup_stm32f407xx.o (__libc_init_array)
c:/program files (x86)/atollic/truestudio for arm 7.1.2/armtools/bin/../lib/gcc/arm-atollic-eabi/5.3.1/../../../../arm-atollic-eabi/lib/armv7e-m/fpu\libc_nano.a(lib_a-malloc.o)
                              Middlewares\ST\STM32_USB_Device_Library\Class\CDC\Src\usbd_cdc.o (malloc)
c:/program files (x86)/atollic/truestudio for arm 7.1.2/armtools/bin/../lib/gcc/arm-atollic-eabi/5.3.1/../../../../arm-atollic-eabi/lib/armv7e-m/fpu\libc_nano.a(lib_a-nano-freer.o)
                              c:/program files (x86)/atollic/truestudio for arm 7.1.2/armtools/bin/../lib/gcc/arm-atollic-eabi/5.3.1/../../../../arm-atollic-eabi/lib/armv7e-m/fpu\libc_nano.a(lib_a-malloc.o) (_free_r)
c:/program files (x86)/atollic/truestudio for arm 7.1.2/armtools/bin/../lib/gcc/arm-atollic-eabi/5.3.1/../../../../arm-atollic-eabi/lib/armv7e-m/fpu\libc_nano.a(lib_a-nano-mallocr.o)
                              c:/program files (x86)/atollic/truestudio for arm 7.1.2/armtools/bin/../lib/gcc/arm-atollic-eabi/5.3.1/../../../../arm-atollic-eabi/lib/armv7e-m/fpu\libc_nano.a(lib_a-malloc.o) (_malloc_r)
c:/program files (x86)/atollic/truestudio for arm 7.1.2/armtools/bin/../lib/gcc/arm-atollic-eabi/5.3.1/../../../../arm-atollic-eabi/lib/armv7e-m/fpu\libc_nano.a(lib_a-sbrkr.o)
                              c:/program files (x86)/atollic/truestudio for arm 7.1.2/armtools/bin/../lib/gcc/arm-atollic-eabi/5.3.1/../../../../arm-atollic-eabi/lib/armv7e-m/fpu\libc_nano.a(lib_a-nano-mallocr.o) (_sbrk_r)
c:/program files (x86)/atollic/truestudio for arm 7.1.2/armtools/bin/../lib/gcc/arm-atollic-eabi/5.3.1/../../../../arm-atollic-eabi/lib/armv7e-m/fpu\libc_nano.a(lib_a-impure.o)
                              c:/program files (x86)/atollic/truestudio for arm 7.1.2/armtools/bin/../lib/gcc/arm-atollic-eabi/5.3.1/../../../../arm-atollic-eabi/lib/armv7e-m/fpu\libc_nano.a(lib_a-malloc.o) (_impure_ptr)
c:/program files (x86)/atollic/truestudio for arm 7.1.2/armtools/bin/../lib/gcc/arm-atollic-eabi/5.3.1/../../../../arm-atollic-eabi/lib/armv7e-m/fpu\libc_nano.a(lib_a-mlock.o)
                              c:/program files (x86)/atollic/truestudio for arm 7.1.2/armtools/bin/../lib/gcc/arm-atollic-eabi/5.3.1/../../../../arm-atollic-eabi/lib/armv7e-m/fpu\libc_nano.a(lib_a-nano-freer.o) (__malloc_lock)
c:/program files (x86)/atollic/truestudio for arm 7.1.2/armtools/bin/../lib/gcc/arm-atollic-eabi/5.3.1/../../../../arm-atollic-eabi/lib/armv7e-m/fpu\libc_nano.a(lib_a-reent.o)
                              c:/program files (x86)/atollic/truestudio for arm 7.1.2/armtools/bin/../lib/gcc/arm-atollic-eabi/5.3.1/../../../../arm-atollic-eabi/lib/armv7e-m/fpu\libc_nano.a(lib_a-sbrkr.o) (errno)
c:/program files (x86)/atollic/truestudio for arm 7.1.2/armtools/bin/../lib/gcc/arm-atollic-eabi/5.3.1/../../../../arm-atollic-eabi/lib/armv7e-m/fpu\libnosys.a(sbrk.o)
                              c:/program files (x86)/atollic/truestudio for arm 7.1.2/armtools/bin/../lib/gcc/arm-atollic-eabi/5.3.1/../../../../arm-atollic-eabi/lib/armv7e-m/fpu\libc_nano.a(lib_a-sbrkr.o) (_sbrk)

Allocating common symbols
Common symbol       size              file

retSD               0x1               Src\fatfs.o
hUsbDeviceFS        0x224             Src\usb_device.o
errno               0x4               c:/program files (x86)/atollic/truestudio for arm 7.1.2/armtools/bin/../lib/gcc/arm-atollic-eabi/5.3.1/../../../../arm-atollic-eabi/lib/armv7e-m/fpu\libc_nano.a(lib_a-reent.o)
hpcd_USB_OTG_FS     0x3f0             Src\usbd_conf.o
uwTick              0x4               Drivers\STM32F4xx_HAL_Driver\Src\stm32f4xx_hal.o
pFlash              0x20              Drivers\STM32F4xx_HAL_Driver\Src\stm32f4xx_hal_flash.o
htim5               0x3c              Src\tim.o
UserRxBufferFS      0x4               Src\usbd_cdc_if.o
hcan2               0x44              Src\can.o
UserTxBufferFS      0x4               Src\usbd_cdc_if.o
SD_Path             0x4               Src\fatfs.o
hrtc                0x20              Src\rtc.o
htim1               0x3c              Src\tim.o
hsd                 0x84              Src\sdio.o
hspi1               0x58              Src\spi.o
htim2               0x3c              Src\tim.o
huart2              0x40              Src\usart.o
husart1             0x44              Src\usart.o
USBD_StrDesc        0x200             Src\usbd_desc.o

Discarded input sections

 .text          0x00000000        0x0 c:/program files (x86)/atollic/truestudio for arm 7.1.2/armtools/bin/../lib/gcc/arm-atollic-eabi/5.3.1/armv7e-m/fpu/crti.o
 .data          0x00000000        0x0 c:/program files (x86)/atollic/truestudio for arm 7.1.2/armtools/bin/../lib/gcc/arm-atollic-eabi/5.3.1/armv7e-m/fpu/crti.o
[...]
Memory Configuration

Name             Origin             Length             Attributes
RAM              0x20000000         0x00020000         xrw
CCMRAM           0x10000000         0x00010000         rw
FLASH            0x08000000         0x00100000         xr
*default*        0x00000000         0xffffffff

Linker script and memory map

LOAD c:/program files (x86)/atollic/truestudio for arm 7.1.2/armtools/bin/../lib/gcc/arm-atollic-eabi/5.3.1/armv7e-m/fpu/crti.o
LOAD c:/program files (x86)/atollic/truestudio for arm 7.1.2/armtools/bin/../lib/gcc/arm-atollic-eabi/5.3.1/armv7e-m/fpu/crtbegin.o
LOAD Drivers\STM32F4xx_HAL_Driver\Src\stm32f4xx_hal.o
LOAD Drivers\STM32F4xx_HAL_Driver\Src\stm32f4xx_hal_can.o
LOAD Drivers\STM32F4xx_HAL_Driver\Src\stm32f4xx_hal_cortex.o
LOAD Drivers\STM32F4xx_HAL_Driver\Src\stm32f4xx_hal_dma.o
LOAD Drivers\STM32F4xx_HAL_Driver\Src\stm32f4xx_hal_dma_ex.o
LOAD Drivers\STM32F4xx_HAL_Driver\Src\stm32f4xx_hal_flash.o
LOAD Drivers\STM32F4xx_HAL_Driver\Src\stm32f4xx_hal_flash_ex.o
LOAD Drivers\STM32F4xx_HAL_Driver\Src\stm32f4xx_hal_flash_ramfunc.o
LOAD Drivers\STM32F4xx_HAL_Driver\Src\stm32f4xx_hal_gpio.o
LOAD Drivers\STM32F4xx_HAL_Driver\Src\stm32f4xx_hal_pcd.o
LOAD Drivers\STM32F4xx_HAL_Driver\Src\stm32f4xx_hal_pcd_ex.o
LOAD Drivers\STM32F4xx_HAL_Driver\Src\stm32f4xx_hal_pwr.o
LOAD Drivers\STM32F4xx_HAL_Driver\Src\stm32f4xx_hal_pwr_ex.o
LOAD Drivers\STM32F4xx_HAL_Driver\Src\stm32f4xx_hal_rcc.o
LOAD Drivers\STM32F4xx_HAL_Driver\Src\stm32f4xx_hal_rcc_ex.o
LOAD Drivers\STM32F4xx_HAL_Driver\Src\stm32f4xx_hal_rtc.o
LOAD Drivers\STM32F4xx_HAL_Driver\Src\stm32f4xx_hal_rtc_ex.o
LOAD Drivers\STM32F4xx_HAL_Driver\Src\stm32f4xx_hal_sd.o
LOAD Drivers\STM32F4xx_HAL_Driver\Src\stm32f4xx_hal_spi.o
LOAD Drivers\STM32F4xx_HAL_Driver\Src\stm32f4xx_hal_tim.o
LOAD Drivers\STM32F4xx_HAL_Driver\Src\stm32f4xx_hal_tim_ex.o
LOAD Drivers\STM32F4xx_HAL_Driver\Src\stm32f4xx_hal_uart.o
LOAD Drivers\STM32F4xx_HAL_Driver\Src\stm32f4xx_hal_usart.o
LOAD Drivers\STM32F4xx_HAL_Driver\Src\stm32f4xx_ll_sdmmc.o
LOAD Drivers\STM32F4xx_HAL_Driver\Src\stm32f4xx_ll_usb.o
LOAD Middlewares\ST\STM32_USB_Device_Library\Class\CDC\Src\usbd_cdc.o
LOAD Middlewares\ST\STM32_USB_Device_Library\Core\Src\usbd_core.o
LOAD Middlewares\ST\STM32_USB_Device_Library\Core\Src\usbd_ctlreq.o
LOAD Middlewares\ST\STM32_USB_Device_Library\Core\Src\usbd_ioreq.o
LOAD Middlewares\Third_Party\FatFs\src\diskio.o
LOAD Middlewares\Third_Party\FatFs\src\drivers\sd_diskio.o
LOAD Middlewares\Third_Party\FatFs\src\ff.o
LOAD Middlewares\Third_Party\FatFs\src\ff_gen_drv.o
LOAD Middlewares\Third_Party\FatFs\src\option\syscall.o
LOAD Src\bsp_driver_sd.o
LOAD Src\can.o
LOAD Src\fatfs.o
LOAD Src\gpio.o
LOAD Src\main.o
LOAD Src\rtc.o
LOAD Src\sdio.o
LOAD Src\spi.o
LOAD Src\stm32f4xx_hal_msp.o
LOAD Src\stm32f4xx_it.o
LOAD Src\system_stm32f4xx.o
LOAD Src\tim.o
LOAD Src\usart.o
LOAD Src\usb_device.o
LOAD Src\usbd_cdc_if.o
LOAD Src\usbd_conf.o
LOAD Src\usbd_desc.o
LOAD startup\startup_stm32f407xx.o
START GROUP
LOAD c:/program files (x86)/atollic/truestudio for arm 7.1.2/armtools/bin/../lib/gcc/arm-atollic-eabi/5.3.1/../../../../arm-atollic-eabi/lib/armv7e-m/fpu\libc_nano.a
LOAD c:/program files (x86)/atollic/truestudio for arm 7.1.2/armtools/bin/../lib/gcc/arm-atollic-eabi/5.3.1/../../../../arm-atollic-eabi/lib/armv7e-m/fpu\libm.a
END GROUP
                0x00000080                malloc_getpagesize_P = 0x80
START GROUP
LOAD c:/program files (x86)/atollic/truestudio for arm 7.1.2/armtools/bin/../lib/gcc/arm-atollic-eabi/5.3.1/armv7e-m/fpu\libgcc.a
LOAD c:/program files (x86)/atollic/truestudio for arm 7.1.2/armtools/bin/../lib/gcc/arm-atollic-eabi/5.3.1/../../../../arm-atollic-eabi/lib/armv7e-m/fpu\libc_nano.a
END GROUP
START GROUP
LOAD c:/program files (x86)/atollic/truestudio for arm 7.1.2/armtools/bin/../lib/gcc/arm-atollic-eabi/5.3.1/armv7e-m/fpu\libgcc.a
LOAD c:/program files (x86)/atollic/truestudio for arm 7.1.2/armtools/bin/../lib/gcc/arm-atollic-eabi/5.3.1/../../../../arm-atollic-eabi/lib/armv7e-m/fpu\libc_nano.a
LOAD c:/program files (x86)/atollic/truestudio for arm 7.1.2/armtools/bin/../lib/gcc/arm-atollic-eabi/5.3.1/../../../../arm-atollic-eabi/lib/armv7e-m/fpu\libnosys.a
END GROUP
START GROUP
LOAD c:/program files (x86)/atollic/truestudio for arm 7.1.2/armtools/bin/../lib/gcc/arm-atollic-eabi/5.3.1/armv7e-m/fpu\libgcc.a
LOAD c:/program files (x86)/atollic/truestudio for arm 7.1.2/armtools/bin/../lib/gcc/arm-atollic-eabi/5.3.1/../../../../arm-atollic-eabi/lib/armv7e-m/fpu\libc_nano.a
LOAD c:/program files (x86)/atollic/truestudio for arm 7.1.2/armtools/bin/../lib/gcc/arm-atollic-eabi/5.3.1/../../../../arm-atollic-eabi/lib/armv7e-m/fpu\libnosys.a
END GROUP
LOAD c:/program files (x86)/atollic/truestudio for arm 7.1.2/armtools/bin/../lib/gcc/arm-atollic-eabi/5.3.1/armv7e-m/fpu/crtend.o
LOAD c:/program files (x86)/atollic/truestudio for arm 7.1.2/armtools/bin/../lib/gcc/arm-atollic-eabi/5.3.1/armv7e-m/fpu/crtn.o
                0x20020000                _estack = 0x20020000
                0x00000200                _Min_Heap_Size = 0x200
                0x00000400                _Min_Stack_Size = 0x400

.isr_vector     0x08000000      0x188
                0x08000000                . = ALIGN (0x4)
 *(.isr_vector)
 .isr_vector    0x08000000      0x188 startup\startup_stm32f407xx.o
                0x08000000                g_pfnVectors
                0x08000188                . = ALIGN (0x4)

.text           0x08000188     0x5c98
                0x08000188                . = ALIGN (0x4)
 *(.text)
 .text          0x08000188       0x40 c:/program files (x86)/atollic/truestudio for arm 7.1.2/armtools/bin/../lib/gcc/arm-atollic-eabi/5.3.1/armv7e-m/fpu/crtbegin.o
 *(.text*)
 .text.HAL_InitTick
                0x080001c8       0x28 Drivers\STM32F4xx_HAL_Driver\Src\stm32f4xx_hal.o
                0x080001c8                HAL_InitTick
 .text.HAL_Init
                0x080001f0       0x34 Drivers\STM32F4xx_HAL_Driver\Src\stm32f4xx_hal.o
                0x080001f0                HAL_Init
 .text.HAL_IncTick
                0x08000224       0x10 Drivers\STM32F4xx_HAL_Driver\Src\stm32f4xx_hal.o
                0x08000224                HAL_IncTick
 .text.HAL_GetTick
                0x08000234        0xc Drivers\STM32F4xx_HAL_Driver\Src\stm32f4xx_hal.o
                0x08000234                HAL_GetTick
 .text.HAL_Delay
                0x08000240       0x20 Drivers\STM32F4xx_HAL_Driver\Src\stm32f4xx_hal.o
                0x08000240                HAL_Delay
 .text.HAL_CAN_Init
                0x08000260      0x12c Drivers\STM32F4xx_HAL_Driver\Src\stm32f4xx_hal_can.o
                0x08000260                HAL_CAN_Init
 .text.HAL_CAN_TxCpltCallback
                0x0800038c        0x2 Drivers\STM32F4xx_HAL_Driver\Src\stm32f4xx_hal_can.o
                0x0800038c                HAL_CAN_TxCpltCallback
 .text.HAL_CAN_RxCpltCallback
                0x0800038e        0x2 Drivers\STM32F4xx_HAL_Driver\Src\stm32f4xx_hal_can.o
                0x0800038e                HAL_CAN_RxCpltCallback
 .text.CAN_Receive_IT
                0x08000390      0x11c Drivers\STM32F4xx_HAL_Driver\Src\stm32f4xx_hal_can.o
 .text.HAL_CAN_ErrorCallback
                0x080004ac        0x2 Drivers\STM32F4xx_HAL_Driver\Src\stm32f4xx_hal_can.o
                0x080004ac                HAL_CAN_ErrorCallback
 *fill*         0x080004ae        0x2 
 .text.HAL_CAN_IRQHandler
                0x080004b0      0x1e0 Drivers\STM32F4xx_HAL_Driver\Src\stm32f4xx_hal_can.o
                0x080004b0                HAL_CAN_IRQHandler
 .text.HAL_NVIC_SetPriorityGrouping
                0x08000690       0x24 Drivers\STM32F4xx_HAL_Driver\Src\stm32f4xx_hal_cortex.o
                0x08000690                HAL_NVIC_SetPriorityGrouping
 .text.HAL_NVIC_SetPriority
                0x080006b4       0x68 Drivers\STM32F4xx_HAL_Driver\Src\stm32f4xx_hal_cortex.o
                0x080006b4                HAL_NVIC_SetPriority
 .text.HAL_NVIC_EnableIRQ
                0x0800071c       0x18 Drivers\STM32F4xx_HAL_Driver\Src\stm32f4xx_hal_cortex.o
                0x0800071c                HAL_NVIC_EnableIRQ
 .text.HAL_SYSTICK_Config
                0x08000734       0x2c Drivers\STM32F4xx_HAL_Driver\Src\stm32f4xx_hal_cortex.o
                0x08000734                HAL_SYSTICK_Config
 .text.HAL_SYSTICK_CLKSourceConfig
                0x08000760       0x18 Drivers\STM32F4xx_HAL_Driver\Src\stm32f4xx_hal_cortex.o
                0x08000760                HAL_SYSTICK_CLKSourceConfig
 .text.HAL_SYSTICK_Callback
                0x08000778        0x2 Drivers\STM32F4xx_HAL_Driver\Src\stm32f4xx_hal_cortex.o
                0x08000778                HAL_SYSTICK_Callback
 .text.HAL_SYSTICK_IRQHandler
                0x0800077a        0x8 Drivers\STM32F4xx_HAL_Driver\Src\stm32f4xx_hal_cortex.o
                0x0800077a                HAL_SYSTICK_IRQHandler
 .text.HAL_DMA_Abort_IT
                0x08000782       0x24 Drivers\STM32F4xx_HAL_Driver\Src\stm32f4xx_hal_dma.o
                0x08000782                HAL_DMA_Abort_IT
 *fill*         0x080007a6        0x2 
 .text.HAL_GPIO_Init
                0x080007a8      0x1c0 Drivers\STM32F4xx_HAL_Driver\Src\stm32f4xx_hal_gpio.o
                0x080007a8                HAL_GPIO_Init
 .text.HAL_GPIO_WritePin
                0x08000968        0x8 Drivers\STM32F4xx_HAL_Driver\Src\stm32f4xx_hal_gpio.o
                0x08000968                HAL_GPIO_WritePin
 .text.HAL_GPIO_TogglePin
                0x08000970        0x8 Drivers\STM32F4xx_HAL_Driver\Src\stm32f4xx_hal_gpio.o
                0x08000970                HAL_GPIO_TogglePin
 .text.HAL_PCD_Init
                0x08000978       0xd8 Drivers\STM32F4xx_HAL_Driver\Src\stm32f4xx_hal_pcd.o
                0x08000978                HAL_PCD_Init
 .text.HAL_PCD_Start
                0x08000a50       0x2a Drivers\STM32F4xx_HAL_Driver\Src\stm32f4xx_hal_pcd.o
                0x08000a50                HAL_PCD_Start
 *fill*         0x08000a7a        0x2 
 .text.HAL_PCD_IRQHandler
                0x08000a7c      0x548 Drivers\STM32F4xx_HAL_Driver\Src\stm32f4xx_hal_pcd.o
                0x08000a7c                HAL_PCD_IRQHandler
 .text.HAL_PCD_SetAddress
                0x08000fc4       0x24 Drivers\STM32F4xx_HAL_Driver\Src\stm32f4xx_hal_pcd.o
                0x08000fc4                HAL_PCD_SetAddress
 .text.HAL_PCD_EP_Open
                0x08000fe8       0x5c Drivers\STM32F4xx_HAL_Driver\Src\stm32f4xx_hal_pcd.o
                0x08000fe8                HAL_PCD_EP_Open
 .text.HAL_PCD_EP_Close
                0x08001044       0x46 Drivers\STM32F4xx_HAL_Driver\Src\stm32f4xx_hal_pcd.o
                0x08001044                HAL_PCD_EP_Close
 .text.HAL_PCD_EP_Receive
                0x0800108a       0x46 Drivers\STM32F4xx_HAL_Driver\Src\stm32f4xx_hal_pcd.o
                0x0800108a                HAL_PCD_EP_Receive
 .text.HAL_PCD_EP_GetRxCount
                0x080010d0       0x10 Drivers\STM32F4xx_HAL_Driver\Src\stm32f4xx_hal_pcd.o
                0x080010d0                HAL_PCD_EP_GetRxCount
 .text.HAL_PCD_EP_Transmit
                0x080010e0       0x40 Drivers\STM32F4xx_HAL_Driver\Src\stm32f4xx_hal_pcd.o
                0x080010e0                HAL_PCD_EP_Transmit
 .text.HAL_PCD_EP_SetStall
                0x08001120       0x58 Drivers\STM32F4xx_HAL_Driver\Src\stm32f4xx_hal_pcd.o
                0x08001120                HAL_PCD_EP_SetStall
 .text.HAL_PCD_EP_ClrStall
                0x08001178       0x4a Drivers\STM32F4xx_HAL_Driver\Src\stm32f4xx_hal_pcd.o
                0x08001178                HAL_PCD_EP_ClrStall
 .text.HAL_PCDEx_SetTxFiFo
                0x080011c2       0x42 Drivers\STM32F4xx_HAL_Driver\Src\stm32f4xx_hal_pcd_ex.o
                0x080011c2                HAL_PCDEx_SetTxFiFo
 .text.HAL_PCDEx_SetRxFiFo
                0x08001204        0x8 Drivers\STM32F4xx_HAL_Driver\Src\stm32f4xx_hal_pcd_ex.o
                0x08001204                HAL_PCDEx_SetRxFiFo
 .text.HAL_RCC_OscConfig
                0x0800120c      0x31c Drivers\STM32F4xx_HAL_Driver\Src\stm32f4xx_hal_rcc.o
                0x0800120c                HAL_RCC_OscConfig
 .text.HAL_RCC_GetSysClockFreq
                0x08001528       0x7c Drivers\STM32F4xx_HAL_Driver\Src\stm32f4xx_hal_rcc.o
                0x08001528                HAL_RCC_GetSysClockFreq
 .text.HAL_RCC_ClockConfig
                0x080015a4      0x168 Drivers\STM32F4xx_HAL_Driver\Src\stm32f4xx_hal_rcc.o
                0x080015a4                HAL_RCC_ClockConfig
 .text.HAL_RCC_GetHCLKFreq
                0x0800170c        0xc Drivers\STM32F4xx_HAL_Driver\Src\stm32f4xx_hal_rcc.o
                0x0800170c                HAL_RCC_GetHCLKFreq
 .text.HAL_RCC_GetPCLK1Freq
                0x08001718       0x30 Drivers\STM32F4xx_HAL_Driver\Src\stm32f4xx_hal_rcc.o
                0x08001718                HAL_RCC_GetPCLK1Freq
 .text.HAL_RCC_GetPCLK2Freq
                0x08001748       0x30 Drivers\STM32F4xx_HAL_Driver\Src\stm32f4xx_hal_rcc.o
                0x08001748                HAL_RCC_GetPCLK2Freq
 .text.HAL_RCCEx_PeriphCLKConfig
                0x08001778      0x150 Drivers\STM32F4xx_HAL_Driver\Src\stm32f4xx_hal_rcc_ex.o
                0x08001778                HAL_RCCEx_PeriphCLKConfig
 .text.HAL_RTC_WaitForSynchro
                0x080018c8       0x30 Drivers\STM32F4xx_HAL_Driver\Src\stm32f4xx_hal_rtc.o
                0x080018c8                HAL_RTC_WaitForSynchro
 .text.RTC_EnterInitMode
                0x080018f8       0x34 Drivers\STM32F4xx_HAL_Driver\Src\stm32f4xx_hal_rtc.o
                0x080018f8                RTC_EnterInitMode
 .text.HAL_RTC_Init
                0x0800192c       0x88 Drivers\STM32F4xx_HAL_Driver\Src\stm32f4xx_hal_rtc.o
                0x0800192c                HAL_RTC_Init
 .text.RTC_ByteToBcd2
                0x080019b4       0x16 Drivers\STM32F4xx_HAL_Driver\Src\stm32f4xx_hal_rtc.o
                0x080019b4                RTC_ByteToBcd2
 .text.HAL_RTC_SetTime
                0x080019ca       0xde Drivers\STM32F4xx_HAL_Driver\Src\stm32f4xx_hal_rtc.o
                0x080019ca                HAL_RTC_SetTime
 .text.HAL_RTC_SetDate
                0x08001aa8       0xc2 Drivers\STM32F4xx_HAL_Driver\Src\stm32f4xx_hal_rtc.o
                0x08001aa8                HAL_RTC_SetDate
 .text.HAL_RTC_SetAlarm
                0x08001b6a      0x136 Drivers\STM32F4xx_HAL_Driver\Src\stm32f4xx_hal_rtc.o
                0x08001b6a                HAL_RTC_SetAlarm
 .text.HAL_RTCEx_BKUPWrite
                0x08001ca0        0xa Drivers\STM32F4xx_HAL_Driver\Src\stm32f4xx_hal_rtc_ex.o
                0x08001ca0                HAL_RTCEx_BKUPWrite
 .text.HAL_RTCEx_BKUPRead
                0x08001caa        0xa Drivers\STM32F4xx_HAL_Driver\Src\stm32f4xx_hal_rtc_ex.o
                0x08001caa                HAL_RTCEx_BKUPRead
 .text.SD_FindSCR
                0x08001cb4       0xc6 Drivers\STM32F4xx_HAL_Driver\Src\stm32f4xx_hal_sd.o
 .text.HAL_SD_ReadBlocks
                0x08001d7a      0x1c0 Drivers\STM32F4xx_HAL_Driver\Src\stm32f4xx_hal_sd.o
                0x08001d7a                HAL_SD_ReadBlocks
 .text.HAL_SD_WriteBlocks
                0x08001f3a      0x172 Drivers\STM32F4xx_HAL_Driver\Src\stm32f4xx_hal_sd.o
                0x08001f3a                HAL_SD_WriteBlocks
 .text.HAL_SD_TxCpltCallback
                0x080020ac        0x2 Drivers\STM32F4xx_HAL_Driver\Src\stm32f4xx_hal_sd.o
                0x080020ac                HAL_SD_TxCpltCallback
 .text.HAL_SD_RxCpltCallback
                0x080020ae        0x2 Drivers\STM32F4xx_HAL_Driver\Src\stm32f4xx_hal_sd.o
                0x080020ae                HAL_SD_RxCpltCallback
 .text.HAL_SD_ErrorCallback
                0x080020b0        0x2 Drivers\STM32F4xx_HAL_Driver\Src\stm32f4xx_hal_sd.o
                0x080020b0                HAL_SD_ErrorCallback
 .text.HAL_SD_AbortCallback
                0x080020b2        0x2 Drivers\STM32F4xx_HAL_Driver\Src\stm32f4xx_hal_sd.o
                0x080020b2                HAL_SD_AbortCallback
 .text.HAL_SD_GetCardCSD
                0x080020b4      0x1d6 Drivers\STM32F4xx_HAL_Driver\Src\stm32f4xx_hal_sd.o
                0x080020b4                HAL_SD_GetCardCSD
 *fill*         0x0800228a        0x2 
 .text.HAL_SD_InitCard
                0x0800228c      0x1d4 Drivers\STM32F4xx_HAL_Driver\Src\stm32f4xx_hal_sd.o
                0x0800228c                HAL_SD_InitCard
 .text.HAL_SD_Init
                0x08002460       0x34 Drivers\STM32F4xx_HAL_Driver\Src\stm32f4xx_hal_sd.o
                0x08002460                HAL_SD_Init
 .text.HAL_SD_GetCardInfo
                0x08002494       0x24 Drivers\STM32F4xx_HAL_Driver\Src\stm32f4xx_hal_sd.o
                0x08002494                HAL_SD_GetCardInfo
 .text.HAL_SD_ConfigWideBusOperation
                0x080024b8       0xf6 Drivers\STM32F4xx_HAL_Driver\Src\stm32f4xx_hal_sd.o
                0x080024b8                HAL_SD_ConfigWideBusOperation
 .text.HAL_SD_GetCardState
                0x080025ae       0x28 Drivers\STM32F4xx_HAL_Driver\Src\stm32f4xx_hal_sd.o
                0x080025ae                HAL_SD_GetCardState
 .text.SD_DMATxAbort
                0x080025d6       0x44 Drivers\STM32F4xx_HAL_Driver\Src\stm32f4xx_hal_sd.o
 .text.SD_DMARxAbort
                0x0800261a       0x44 Drivers\STM32F4xx_HAL_Driver\Src\stm32f4xx_hal_sd.o
 *fill*         0x0800265e        0x2 
 .text.HAL_SD_IRQHandler
                0x08002660      0x1c4 Drivers\STM32F4xx_HAL_Driver\Src\stm32f4xx_hal_sd.o
                0x08002660                HAL_SD_IRQHandler
 .text.HAL_SPI_Init
                0x08002824       0x7a Drivers\STM32F4xx_HAL_Driver\Src\stm32f4xx_hal_spi.o
                0x08002824                HAL_SPI_Init
 *fill*         0x0800289e        0x2 
 .text.TIM_OC1_SetConfig
                0x080028a0       0x58 Drivers\STM32F4xx_HAL_Driver\Src\stm32f4xx_hal_tim.o
 .text.TIM_OC3_SetConfig
                0x080028f8       0x60 Drivers\STM32F4xx_HAL_Driver\Src\stm32f4xx_hal_tim.o
 .text.TIM_OC4_SetConfig
                0x08002958       0x50 Drivers\STM32F4xx_HAL_Driver\Src\stm32f4xx_hal_tim.o
 .text.HAL_TIM_PWM_MspInit
                0x080029a8        0x2 Drivers\STM32F4xx_HAL_Driver\Src\stm32f4xx_hal_tim.o
                0x080029a8                HAL_TIM_PWM_MspInit
 .text.HAL_TIM_ConfigClockSource
                0x080029aa      0x174 Drivers\STM32F4xx_HAL_Driver\Src\stm32f4xx_hal_tim.o
                0x080029aa                HAL_TIM_ConfigClockSource
 *fill*         0x08002b1e        0x2 
 .text.TIM_Base_SetConfig
                0x08002b20       0xc8 Drivers\STM32F4xx_HAL_Driver\Src\stm32f4xx_hal_tim.o
                0x08002b20                TIM_Base_SetConfig
 .text.HAL_TIM_Base_Init
                0x08002be8       0x34 Drivers\STM32F4xx_HAL_Driver\Src\stm32f4xx_hal_tim.o
                0x08002be8                HAL_TIM_Base_Init
 .text.HAL_TIM_PWM_Init
                0x08002c1c       0x34 Drivers\STM32F4xx_HAL_Driver\Src\stm32f4xx_hal_tim.o
                0x08002c1c                HAL_TIM_PWM_Init
 .text.HAL_TIM_Encoder_Init
                0x08002c50       0x92 Drivers\STM32F4xx_HAL_Driver\Src\stm32f4xx_hal_tim.o
                0x08002c50                HAL_TIM_Encoder_Init
 *fill*         0x08002ce2        0x2 
 .text.TIM_OC2_SetConfig
                0x08002ce4       0x64 Drivers\STM32F4xx_HAL_Driver\Src\stm32f4xx_hal_tim.o
                0x08002ce4                TIM_OC2_SetConfig
 .text.HAL_TIM_PWM_ConfigChannel
                0x08002d48       0xc6 Drivers\STM32F4xx_HAL_Driver\Src\stm32f4xx_hal_tim.o
                0x08002d48                HAL_TIM_PWM_ConfigChannel
 .text.TIM_CCxChannelCmd
                0x08002e0e       0x1a Drivers\STM32F4xx_HAL_Driver\Src\stm32f4xx_hal_tim.o
                0x08002e0e                TIM_CCxChannelCmd
 .text.HAL_TIM_PWM_Start
                0x08002e28       0x34 Drivers\STM32F4xx_HAL_Driver\Src\stm32f4xx_hal_tim.o
                0x08002e28                HAL_TIM_PWM_Start
 .text.TIM_CCxNChannelCmd
                0x08002e5c       0x1a Drivers\STM32F4xx_HAL_Driver\Src\stm32f4xx_hal_tim_ex.o
 .text.HAL_TIMEx_PWMN_Start
                0x08002e76       0x22 Drivers\STM32F4xx_HAL_Driver\Src\stm32f4xx_hal_tim_ex.o
                0x08002e76                HAL_TIMEx_PWMN_Start
 .text.HAL_TIMEx_MasterConfigSynchronization
                0x08002e98       0x44 Drivers\STM32F4xx_HAL_Driver\Src\stm32f4xx_hal_tim_ex.o
                0x08002e98                HAL_TIMEx_MasterConfigSynchronization
 .text.HAL_TIMEx_ConfigBreakDeadTime
                0x08002edc       0x4c Drivers\STM32F4xx_HAL_Driver\Src\stm32f4xx_hal_tim_ex.o
                0x08002edc                HAL_TIMEx_ConfigBreakDeadTime
 .text.UART_SetConfig
                0x08002f28      0x23c Drivers\STM32F4xx_HAL_Driver\Src\stm32f4xx_hal_uart.o
 .text.HAL_UART_Init
                0x08003164       0x5c Drivers\STM32F4xx_HAL_Driver\Src\stm32f4xx_hal_uart.o
                0x08003164                HAL_UART_Init
 .text.HAL_USART_Init
                0x080031c0      0x12c Drivers\STM32F4xx_HAL_Driver\Src\stm32f4xx_hal_usart.o
                0x080031c0                HAL_USART_Init
 .text.SDMMC_GetCmdResp2
                0x080032ec       0x50 Drivers\STM32F4xx_HAL_Driver\Src\stm32f4xx_ll_sdmmc.o
 .text.SDMMC_GetCmdResp3
                0x0800333c       0x44 Drivers\STM32F4xx_HAL_Driver\Src\stm32f4xx_ll_sdmmc.o
 .text.SDIO_Init
                0x08003380       0x36 Drivers\STM32F4xx_HAL_Driver\Src\stm32f4xx_ll_sdmmc.o
                0x08003380                SDIO_Init
 .text.SDIO_ReadFIFO
                0x080033b6        0x6 Drivers\STM32F4xx_HAL_Driver\Src\stm32f4xx_ll_sdmmc.o
                0x080033b6                SDIO_ReadFIFO
 .text.SDIO_WriteFIFO
                0x080033bc        0xa Drivers\STM32F4xx_HAL_Driver\Src\stm32f4xx_ll_sdmmc.o
                0x080033bc                SDIO_WriteFIFO
 .text.SDIO_PowerState_ON
                0x080033c6        0x8 Drivers\STM32F4xx_HAL_Driver\Src\stm32f4xx_ll_sdmmc.o
                0x080033c6                SDIO_PowerState_ON
 .text.SDIO_GetPowerState
                0x080033ce        0x8 Drivers\STM32F4xx_HAL_Driver\Src\stm32f4xx_ll_sdmmc.o
                0x080033ce                SDIO_GetPowerState
 .text.SDIO_SendCommand
                0x080033d6       0x26 Drivers\STM32F4xx_HAL_Driver\Src\stm32f4xx_ll_sdmmc.o
                0x080033d6                SDIO_SendCommand
 .text.SDIO_GetResponse
                0x080033fc       0x14 Drivers\STM32F4xx_HAL_Driver\Src\stm32f4xx_ll_sdmmc.o
                0x080033fc                SDIO_GetResponse
 .text.SDMMC_GetCmdResp1
                0x08003410      0x120 Drivers\STM32F4xx_HAL_Driver\Src\stm32f4xx_ll_sdmmc.o
 .text.SDIO_ConfigData
                0x08003530       0x26 Drivers\STM32F4xx_HAL_Driver\Src\stm32f4xx_ll_sdmmc.o
                0x08003530                SDIO_ConfigData
 .text.SDMMC_CmdBlockLength
                0x08003556       0x30 Drivers\STM32F4xx_HAL_Driver\Src\stm32f4xx_ll_sdmmc.o
                0x08003556                SDMMC_CmdBlockLength
 .text.SDMMC_CmdReadSingleBlock
                0x08003586       0x30 Drivers\STM32F4xx_HAL_Driver\Src\stm32f4xx_ll_sdmmc.o
                0x08003586                SDMMC_CmdReadSingleBlock
 .text.SDMMC_CmdReadMultiBlock
                0x080035b6       0x30 Drivers\STM32F4xx_HAL_Driver\Src\stm32f4xx_ll_sdmmc.o
                0x080035b6                SDMMC_CmdReadMultiBlock
 .text.SDMMC_CmdWriteSingleBlock
                0x080035e6       0x30 Drivers\STM32F4xx_HAL_Driver\Src\stm32f4xx_ll_sdmmc.o
                0x080035e6                SDMMC_CmdWriteSingleBlock
 .text.SDMMC_CmdWriteMultiBlock
                0x08003616       0x30 Drivers\STM32F4xx_HAL_Driver\Src\stm32f4xx_ll_sdmmc.o
                0x08003616                SDMMC_CmdWriteMultiBlock
 *fill*         0x08003646        0x2 
 .text.SDMMC_CmdStopTransfer
                0x08003648       0x34 Drivers\STM32F4xx_HAL_Driver\Src\stm32f4xx_ll_sdmmc.o
                0x08003648                SDMMC_CmdStopTransfer
 .text.SDMMC_CmdSelDesel
                0x0800367c       0x30 Drivers\STM32F4xx_HAL_Driver\Src\stm32f4xx_ll_sdmmc.o
                0x0800367c                SDMMC_CmdSelDesel
 .text.SDMMC_CmdGoIdleState
                0x080036ac       0x50 Drivers\STM32F4xx_HAL_Driver\Src\stm32f4xx_ll_sdmmc.o
                0x080036ac                SDMMC_CmdGoIdleState
 .text.SDMMC_CmdOperCond
                0x080036fc       0x70 Drivers\STM32F4xx_HAL_Driver\Src\stm32f4xx_ll_sdmmc.o
                0x080036fc                SDMMC_CmdOperCond
 .text.SDMMC_CmdAppCommand
                0x0800376c       0x30 Drivers\STM32F4xx_HAL_Driver\Src\stm32f4xx_ll_sdmmc.o
                0x0800376c                SDMMC_CmdAppCommand
 .text.SDMMC_CmdAppOperCommand
                0x0800379c       0x32 Drivers\STM32F4xx_HAL_Driver\Src\stm32f4xx_ll_sdmmc.o
                0x0800379c                SDMMC_CmdAppOperCommand
 .text.SDMMC_CmdSendSCR
                0x080037ce       0x30 Drivers\STM32F4xx_HAL_Driver\Src\stm32f4xx_ll_sdmmc.o
                0x080037ce                SDMMC_CmdSendSCR
 .text.SDMMC_CmdSendCID
                0x080037fe       0x2a Drivers\STM32F4xx_HAL_Driver\Src\stm32f4xx_ll_sdmmc.o
                0x080037fe                SDMMC_CmdSendCID
 .text.SDMMC_CmdSendCSD
                0x08003828       0x2a Drivers\STM32F4xx_HAL_Driver\Src\stm32f4xx_ll_sdmmc.o
                0x08003828                SDMMC_CmdSendCSD
 *fill*         0x08003852        0x2 
 .text.SDMMC_CmdSetRelAdd
                0x08003854       0xa8 Drivers\STM32F4xx_HAL_Driver\Src\stm32f4xx_ll_sdmmc.o
                0x08003854                SDMMC_CmdSetRelAdd
 .text.SDMMC_CmdSendStatus
                0x080038fc       0x30 Drivers\STM32F4xx_HAL_Driver\Src\stm32f4xx_ll_sdmmc.o
                0x080038fc                SDMMC_CmdSendStatus
 .text.SDMMC_CmdSwitch
                0x0800392c       0x30 Drivers\STM32F4xx_HAL_Driver\Src\stm32f4xx_ll_sdmmc.o
                0x0800392c                SDMMC_CmdSwitch
 .text.SDMMC_CmdBusWidth
                0x0800395c        0x4 Drivers\STM32F4xx_HAL_Driver\Src\stm32f4xx_ll_sdmmc.o
                0x0800395c                SDMMC_CmdBusWidth
 .text.USB_CoreInit
                0x08003960       0x74 Drivers\STM32F4xx_HAL_Driver\Src\stm32f4xx_ll_usb.o
                0x08003960                USB_CoreInit
 .text.USB_EnableGlobalInt
                0x080039d4        0xc Drivers\STM32F4xx_HAL_Driver\Src\stm32f4xx_ll_usb.o
                0x080039d4                USB_EnableGlobalInt
 .text.USB_DisableGlobalInt
                0x080039e0        0xc Drivers\STM32F4xx_HAL_Driver\Src\stm32f4xx_ll_usb.o
                0x080039e0                USB_DisableGlobalInt
 .text.USB_SetCurrentMode
                0x080039ec       0x2c Drivers\STM32F4xx_HAL_Driver\Src\stm32f4xx_ll_usb.o
                0x080039ec                USB_SetCurrentMode
 .text.USB_DevInit
                0x08003a18      0x134 Drivers\STM32F4xx_HAL_Driver\Src\stm32f4xx_ll_usb.o
                0x08003a18                USB_DevInit
 .text.USB_FlushTxFifo
                0x08003b4c       0x24 Drivers\STM32F4xx_HAL_Driver\Src\stm32f4xx_ll_usb.o
                0x08003b4c                USB_FlushTxFifo
 .text.USB_FlushRxFifo
                0x08003b70       0x20 Drivers\STM32F4xx_HAL_Driver\Src\stm32f4xx_ll_usb.o
                0x08003b70                USB_FlushRxFifo
 .text.USB_SetDevSpeed
                0x08003b90        0xe Drivers\STM32F4xx_HAL_Driver\Src\stm32f4xx_ll_usb.o
                0x08003b90                USB_SetDevSpeed
 .text.USB_GetDevSpeed
                0x08003b9e       0x36 Drivers\STM32F4xx_HAL_Driver\Src\stm32f4xx_ll_usb.o
                0x08003b9e                USB_GetDevSpeed
 .text.USB_ActivateEndpoint
                0x08003bd4       0x82 Drivers\STM32F4xx_HAL_Driver\Src\stm32f4xx_ll_usb.o
                0x08003bd4                USB_ActivateEndpoint
 .text.USB_DeactivateEndpoint
                0x08003c56        0x4 Drivers\STM32F4xx_HAL_Driver\Src\stm32f4xx_ll_usb.o
                0x08003c56                USB_DeactivateEndpoint
 *fill*         0x08003c5a        0x2 
 .text.USB_DeactivateDedicatedEndpoint
                0x08003c5c       0xdc Drivers\STM32F4xx_HAL_Driver\Src\stm32f4xx_ll_usb.o
                0x08003c5c                USB_DeactivateDedicatedEndpoint
 .text.USB_EPStartXfer
                0x08003d38      0x238 Drivers\STM32F4xx_HAL_Driver\Src\stm32f4xx_ll_usb.o
                0x08003d38                USB_EPStartXfer
 .text.USB_EP0StartXfer
                0x08003f70      0x152 Drivers\STM32F4xx_HAL_Driver\Src\stm32f4xx_ll_usb.o
                0x08003f70                USB_EP0StartXfer
 .text.USB_WritePacket
                0x080040c2       0x28 Drivers\STM32F4xx_HAL_Driver\Src\stm32f4xx_ll_usb.o
                0x080040c2                USB_WritePacket
 .text.USB_ReadPacket
                0x080040ea       0x1c Drivers\STM32F4xx_HAL_Driver\Src\stm32f4xx_ll_usb.o
                0x080040ea                USB_ReadPacket
 .text.USB_EPSetStall
                0x08004106       0x64 Drivers\STM32F4xx_HAL_Driver\Src\stm32f4xx_ll_usb.o
                0x08004106                USB_EPSetStall
 .text.USB_EPClearStall
                0x0800416a       0x3c Drivers\STM32F4xx_HAL_Driver\Src\stm32f4xx_ll_usb.o
                0x0800416a                USB_EPClearStall
 .text.USB_SetDevAddress
                0x080041a6       0x20 Drivers\STM32F4xx_HAL_Driver\Src\stm32f4xx_ll_usb.o
                0x080041a6                USB_SetDevAddress
 .text.USB_DevConnect
                0x080041c6       0x18 Drivers\STM32F4xx_HAL_Driver\Src\stm32f4xx_ll_usb.o
                0x080041c6                USB_DevConnect
 .text.USB_DevDisconnect
                0x080041de       0x18 Drivers\STM32F4xx_HAL_Driver\Src\stm32f4xx_ll_usb.o
                0x080041de                USB_DevDisconnect
 .text.USB_ReadInterrupts
                0x080041f6        0x8 Drivers\STM32F4xx_HAL_Driver\Src\stm32f4xx_ll_usb.o
                0x080041f6                USB_ReadInterrupts
 .text.USB_ReadDevAllOutEpInterrupt
                0x080041fe       0x10 Drivers\STM32F4xx_HAL_Driver\Src\stm32f4xx_ll_usb.o
                0x080041fe                USB_ReadDevAllOutEpInterrupt
 .text.USB_ReadDevAllInEpInterrupt
                0x0800420e       0x10 Drivers\STM32F4xx_HAL_Driver\Src\stm32f4xx_ll_usb.o
                0x0800420e                USB_ReadDevAllInEpInterrupt
 .text.USB_ReadDevOutEPInterrupt
                0x0800421e       0x14 Drivers\STM32F4xx_HAL_Driver\Src\stm32f4xx_ll_usb.o
                0x0800421e                USB_ReadDevOutEPInterrupt
 .text.USB_ReadDevInEPInterrupt
                0x08004232       0x20 Drivers\STM32F4xx_HAL_Driver\Src\stm32f4xx_ll_usb.o
                0x08004232                USB_ReadDevInEPInterrupt
 .text.USB_GetMode
                0x08004252        0x8 Drivers\STM32F4xx_HAL_Driver\Src\stm32f4xx_ll_usb.o
                0x08004252                USB_GetMode
 .text.USB_ActivateSetup
                0x0800425a       0x36 Drivers\STM32F4xx_HAL_Driver\Src\stm32f4xx_ll_usb.o
                0x0800425a                USB_ActivateSetup
 .text.USB_EP0_OutStart
                0x08004290       0x46 Drivers\STM32F4xx_HAL_Driver\Src\stm32f4xx_ll_usb.o
                0x08004290                USB_EP0_OutStart
 *fill*         0x080042d6        0x2 
 .text.USB_CoreReset
                0x080042d8       0x30 Drivers\STM32F4xx_HAL_Driver\Src\stm32f4xx_ll_usb.o
 .text.USBD_CDC_DataIn
                0x08004308       0x12 Middlewares\ST\STM32_USB_Device_Library\Class\CDC\Src\usbd_cdc.o
 .text.USBD_CDC_EP0_RxReady
                0x0800431a       0x28 Middlewares\ST\STM32_USB_Device_Library\Class\CDC\Src\usbd_cdc.o
 *fill*         0x08004342        0x2 
 .text.USBD_CDC_GetFSCfgDesc
                0x08004344        0xc Middlewares\ST\STM32_USB_Device_Library\Class\CDC\Src\usbd_cdc.o
 .text.USBD_CDC_GetHSCfgDesc
                0x08004350        0xc Middlewares\ST\STM32_USB_Device_Library\Class\CDC\Src\usbd_cdc.o
 .text.USBD_CDC_GetOtherSpeedCfgDesc
                0x0800435c        0xc Middlewares\ST\STM32_USB_Device_Library\Class\CDC\Src\usbd_cdc.o
 .text.USBD_CDC_GetDeviceQualifierDescriptor
                0x08004368        0xc Middlewares\ST\STM32_USB_Device_Library\Class\CDC\Src\usbd_cdc.o
                0x08004368                USBD_CDC_GetDeviceQualifierDescriptor
 .text.USBD_CDC_DataOut
                0x08004374       0x2e Middlewares\ST\STM32_USB_Device_Library\Class\CDC\Src\usbd_cdc.o
 *fill*         0x080043a2        0x2 
 .text.USBD_CDC_Setup
                0x080043a4       0x6c Middlewares\ST\STM32_USB_Device_Library\Class\CDC\Src\usbd_cdc.o
 .text.USBD_CDC_DeInit
                0x08004410       0x3a Middlewares\ST\STM32_USB_Device_Library\Class\CDC\Src\usbd_cdc.o
 .text.USBD_CDC_Init
                0x0800444a       0x8c Middlewares\ST\STM32_USB_Device_Library\Class\CDC\Src\usbd_cdc.o
 .text.USBD_CDC_RegisterInterface
                0x080044d6        0xe Middlewares\ST\STM32_USB_Device_Library\Class\CDC\Src\usbd_cdc.o
                0x080044d6                USBD_CDC_RegisterInterface
 .text.USBD_CDC_SetTxBuffer
                0x080044e4       0x10 Middlewares\ST\STM32_USB_Device_Library\Class\CDC\Src\usbd_cdc.o
                0x080044e4                USBD_CDC_SetTxBuffer
 .text.USBD_CDC_SetRxBuffer
                0x080044f4        0xc Middlewares\ST\STM32_USB_Device_Library\Class\CDC\Src\usbd_cdc.o
                0x080044f4                USBD_CDC_SetRxBuffer
 .text.USBD_CDC_ReceivePacket
                0x08004500       0x26 Middlewares\ST\STM32_USB_Device_Library\Class\CDC\Src\usbd_cdc.o
                0x08004500                USBD_CDC_ReceivePacket
 .text.USBD_Init
                0x08004526       0x2a Middlewares\ST\STM32_USB_Device_Library\Core\Src\usbd_core.o
                0x08004526                USBD_Init
 .text.USBD_RegisterClass
                0x08004550        0xe Middlewares\ST\STM32_USB_Device_Library\Core\Src\usbd_core.o
                0x08004550                USBD_RegisterClass
 .text.USBD_Start
                0x0800455e        0xa Middlewares\ST\STM32_USB_Device_Library\Core\Src\usbd_core.o
                0x0800455e                USBD_Start
 .text.USBD_SetClassConfig
                0x08004568       0x16 Middlewares\ST\STM32_USB_Device_Library\Core\Src\usbd_core.o
                0x08004568                USBD_SetClassConfig
 .text.USBD_ClrClassConfig
                0x0800457e        0xe Middlewares\ST\STM32_USB_Device_Library\Core\Src\usbd_core.o
                0x0800457e                USBD_ClrClassConfig
 .text.USBD_LL_SetupStage
                0x0800458c       0x5a Middlewares\ST\STM32_USB_Device_Library\Core\Src\usbd_core.o
                0x0800458c                USBD_LL_SetupStage
 .text.USBD_LL_DataOutStage
                0x080045e6       0x62 Middlewares\ST\STM32_USB_Device_Library\Core\Src\usbd_core.o
                0x080045e6                USBD_LL_DataOutStage
 .text.USBD_LL_DataInStage
                0x08004648       0x9c Middlewares\ST\STM32_USB_Device_Library\Core\Src\usbd_core.o
                0x08004648                USBD_LL_DataInStage
 .text.USBD_LL_Reset
                0x080046e4       0x3e Middlewares\ST\STM32_USB_Device_Library\Core\Src\usbd_core.o
                0x080046e4                USBD_LL_Reset
 .text.USBD_LL_SetSpeed
                0x08004722        0x6 Middlewares\ST\STM32_USB_Device_Library\Core\Src\usbd_core.o
                0x08004722                USBD_LL_SetSpeed
 .text.USBD_LL_Suspend
                0x08004728       0x12 Middlewares\ST\STM32_USB_Device_Library\Core\Src\usbd_core.o
                0x08004728                USBD_LL_Suspend
 .text.USBD_LL_Resume
                0x0800473a        0xc Middlewares\ST\STM32_USB_Device_Library\Core\Src\usbd_core.o
                0x0800473a                USBD_LL_Resume
 .text.USBD_LL_SOF
                0x08004746       0x18 Middlewares\ST\STM32_USB_Device_Library\Core\Src\usbd_core.o
                0x08004746                USBD_LL_SOF
 .text.USBD_LL_IsoINIncomplete
                0x0800475e        0x4 Middlewares\ST\STM32_USB_Device_Library\Core\Src\usbd_core.o
                0x0800475e                USBD_LL_IsoINIncomplete
 .text.USBD_LL_IsoOUTIncomplete
                0x08004762        0x4 Middlewares\ST\STM32_USB_Device_Library\Core\Src\usbd_core.o
                0x08004762                USBD_LL_IsoOUTIncomplete
 .text.USBD_LL_DevConnected
                0x08004766        0x4 Middlewares\ST\STM32_USB_Device_Library\Core\Src\usbd_core.o
                0x08004766                USBD_LL_DevConnected
 .text.USBD_LL_DevDisconnected
                0x0800476a       0x16 Middlewares\ST\STM32_USB_Device_Library\Core\Src\usbd_core.o
                0x0800476a                USBD_LL_DevDisconnected
 .text.USBD_ParseSetupRequest
                0x08004780       0x28 Middlewares\ST\STM32_USB_Device_Library\Core\Src\usbd_ctlreq.o
                0x08004780                USBD_ParseSetupRequest
 .text.USBD_CtlError
                0x080047a8       0x16 Middlewares\ST\STM32_USB_Device_Library\Core\Src\usbd_ctlreq.o
                0x080047a8                USBD_CtlError
 *fill*         0x080047be        0x2 
 .text.USBD_StdDevReq
                0x080047c0      0x214 Middlewares\ST\STM32_USB_Device_Library\Core\Src\usbd_ctlreq.o
                0x080047c0                USBD_StdDevReq
 .text.USBD_StdItfReq
                0x080049d4       0x30 Middlewares\ST\STM32_USB_Device_Library\Core\Src\usbd_ctlreq.o
                0x080049d4                USBD_StdItfReq
 .text.USBD_StdEPReq
                0x08004a04       0xc6 Middlewares\ST\STM32_USB_Device_Library\Core\Src\usbd_ctlreq.o
                0x08004a04                USBD_StdEPReq
 .text.USBD_GetString
                0x08004aca       0x38 Middlewares\ST\STM32_USB_Device_Library\Core\Src\usbd_ctlreq.o
                0x08004aca                USBD_GetString
 .text.USBD_CtlSendData
                0x08004b02       0x1a Middlewares\ST\STM32_USB_Device_Library\Core\Src\usbd_ioreq.o
                0x08004b02                USBD_CtlSendData
 .text.USBD_CtlContinueSendData
                0x08004b1c       0x10 Middlewares\ST\STM32_USB_Device_Library\Core\Src\usbd_ioreq.o
                0x08004b1c                USBD_CtlContinueSendData
 .text.USBD_CtlPrepareRx
                0x08004b2c       0x1e Middlewares\ST\STM32_USB_Device_Library\Core\Src\usbd_ioreq.o
                0x08004b2c                USBD_CtlPrepareRx
 .text.USBD_CtlContinueRx
                0x08004b4a       0x10 Middlewares\ST\STM32_USB_Device_Library\Core\Src\usbd_ioreq.o
                0x08004b4a                USBD_CtlContinueRx
 .text.USBD_CtlSendStatus
                0x08004b5a       0x16 Middlewares\ST\STM32_USB_Device_Library\Core\Src\usbd_ioreq.o
                0x08004b5a                USBD_CtlSendStatus
 .text.USBD_CtlReceiveStatus
                0x08004b70       0x16 Middlewares\ST\STM32_USB_Device_Library\Core\Src\usbd_ioreq.o
                0x08004b70                USBD_CtlReceiveStatus
 *fill*         0x08004b86        0x2 
 .text.SD_initialize
                0x08004b88       0x20 Middlewares\Third_Party\FatFs\src\drivers\sd_diskio.o
                0x08004b88                SD_initialize
 .text.SD_status
                0x08004ba8       0x20 Middlewares\Third_Party\FatFs\src\drivers\sd_diskio.o
                0x08004ba8                SD_status
 .text.SD_read  0x08004bc8       0x2c Middlewares\Third_Party\FatFs\src\drivers\sd_diskio.o
                0x08004bc8                SD_read
 .text.SD_ioctl
                0x08004bf4       0x50 Middlewares\Third_Party\FatFs\src\drivers\sd_diskio.o
                0x08004bf4                SD_ioctl
 .text.SD_write
                0x08004c44       0x2c Middlewares\Third_Party\FatFs\src\drivers\sd_diskio.o
                0x08004c44                SD_write
 .text.FATFS_LinkDriverEx
                0x08004c70       0x44 Middlewares\Third_Party\FatFs\src\ff_gen_drv.o
                0x08004c70                FATFS_LinkDriverEx
 .text.FATFS_LinkDriver
                0x08004cb4        0x6 Middlewares\Third_Party\FatFs\src\ff_gen_drv.o
                0x08004cb4                FATFS_LinkDriver
 *fill*         0x08004cba        0x2 
 .text.BSP_SD_Init
                0x08004cbc       0x34 Src\bsp_driver_sd.o
                0x08004cbc                BSP_SD_Init
 .text.BSP_SD_ReadBlocks
                0x08004cf0       0x20 Src\bsp_driver_sd.o
                0x08004cf0                BSP_SD_ReadBlocks
 .text.BSP_SD_WriteBlocks
                0x08004d10       0x20 Src\bsp_driver_sd.o
                0x08004d10                BSP_SD_WriteBlocks
 .text.BSP_SD_GetCardState
                0x08004d30       0x14 Src\bsp_driver_sd.o
                0x08004d30                BSP_SD_GetCardState
 .text.BSP_SD_GetCardInfo
                0x08004d44        0xc Src\bsp_driver_sd.o
                0x08004d44                BSP_SD_GetCardInfo
 .text.MX_CAN2_Init
                0x08004d50       0x44 Src\can.o
                0x08004d50                MX_CAN2_Init
 .text.HAL_CAN_MspInit
                0x08004d94       0x84 Src\can.o
                0x08004d94                HAL_CAN_MspInit
 .text.MX_FATFS_Init
                0x08004e18       0x1c Src\fatfs.o
                0x08004e18                MX_FATFS_Init
 .text.MX_GPIO_Init
                0x08004e34      0x1e4 Src\gpio.o
                0x08004e34                MX_GPIO_Init
 .text.SystemClock_Config
                0x08005018       0xc8 Src\main.o
                0x08005018                SystemClock_Config
 .text.startup.main
                0x080050e0       0x94 Src\main.o
                0x080050e0                main
 .text.Error_Handler
                0x08005174        0x2 Src\main.o
                0x08005174                Error_Handler
 *fill*         0x08005176        0x2 
 .text.MX_RTC_Init
                0x08005178       0xc8 Src\rtc.o
                0x08005178                MX_RTC_Init
 .text.HAL_RTC_MspInit
                0x08005240       0x18 Src\rtc.o
                0x08005240                HAL_RTC_MspInit
 .text.MX_SDIO_SD_Init
                0x08005258       0x20 Src\sdio.o
                0x08005258                MX_SDIO_SD_Init
 .text.HAL_SD_MspInit
                0x08005278       0x78 Src\sdio.o
                0x08005278                HAL_SD_MspInit
 .text.MX_SPI1_Init
                0x080052f0       0x44 Src\spi.o
                0x080052f0                MX_SPI1_Init
 .text.HAL_SPI_MspInit
                0x08005334       0x4c Src\spi.o
                0x08005334                HAL_SPI_MspInit
 .text.HAL_MspInit
                0x08005380       0x60 Src\stm32f4xx_hal_msp.o
                0x08005380                HAL_MspInit
 .text.NMI_Handler
                0x080053e0        0x2 Src\stm32f4xx_it.o
                0x080053e0                NMI_Handler
 .text.HardFault_Handler
                0x080053e2        0x2 Src\stm32f4xx_it.o
                0x080053e2                HardFault_Handler
 .text.MemManage_Handler
                0x080053e4        0x2 Src\stm32f4xx_it.o
                0x080053e4                MemManage_Handler
 .text.BusFault_Handler
                0x080053e6        0x2 Src\stm32f4xx_it.o
                0x080053e6                BusFault_Handler
 .text.UsageFault_Handler
                0x080053e8        0x2 Src\stm32f4xx_it.o
                0x080053e8                UsageFault_Handler
 .text.SVC_Handler
                0x080053ea        0x2 Src\stm32f4xx_it.o
                0x080053ea                SVC_Handler
 .text.DebugMon_Handler
                0x080053ec        0x2 Src\stm32f4xx_it.o
                0x080053ec                DebugMon_Handler
 .text.PendSV_Handler
                0x080053ee        0x2 Src\stm32f4xx_it.o
                0x080053ee                PendSV_Handler
 .text.SysTick_Handler
                0x080053f0        0xe Src\stm32f4xx_it.o
                0x080053f0                SysTick_Handler
 *fill*         0x080053fe        0x2 
 .text.SDIO_IRQHandler
                0x08005400        0xc Src\stm32f4xx_it.o
                0x08005400                SDIO_IRQHandler
 .text.CAN2_RX1_IRQHandler
                0x0800540c        0xc Src\stm32f4xx_it.o
                0x0800540c                CAN2_RX1_IRQHandler
 .text.CAN2_RX0_IRQHandler
                0x08005418        0x4 Src\stm32f4xx_it.o
                0x08005418                CAN2_RX0_IRQHandler
 .text.OTG_FS_IRQHandler
                0x0800541c        0xc Src\stm32f4xx_it.o
                0x0800541c                OTG_FS_IRQHandler
 .text.SystemInit
                0x08005428       0x4c Src\system_stm32f4xx.o
                0x08005428                SystemInit
 .text.MX_TIM2_Init
                0x08005474       0x50 Src\tim.o
                0x08005474                MX_TIM2_Init
 .text.MX_TIM5_Init
                0x080054c4       0x54 Src\tim.o
                0x080054c4                MX_TIM5_Init
 .text.HAL_TIM_Base_MspInit
                0x08005518       0x30 Src\tim.o
                0x08005518                HAL_TIM_Base_MspInit
 .text.HAL_TIM_Encoder_MspInit
                0x08005548       0x98 Src\tim.o
                0x08005548                HAL_TIM_Encoder_MspInit
 .text.HAL_TIM_MspPostInit
                0x080055e0       0x4c Src\tim.o
                0x080055e0                HAL_TIM_MspPostInit
 .text.MX_TIM1_Init
                0x0800562c       0xc0 Src\tim.o
                0x0800562c                MX_TIM1_Init
 .text.MX_USART1_Init
                0x080056ec       0x38 Src\usart.o
                0x080056ec                MX_USART1_Init
 .text.MX_USART2_UART_Init
                0x08005724       0x38 Src\usart.o
                0x08005724                MX_USART2_UART_Init
 .text.HAL_USART_MspInit
                0x0800575c       0x50 Src\usart.o
                0x0800575c                HAL_USART_MspInit
 .text.HAL_UART_MspInit
                0x080057ac       0x50 Src\usart.o
                0x080057ac                HAL_UART_MspInit
 .text.MX_USB_DEVICE_Init
                0x080057fc       0x38 Src\usb_device.o
                0x080057fc                MX_USB_DEVICE_Init
 .text.CDC_DeInit_FS
                0x08005834        0x4 Src\usbd_cdc_if.o
 .text.CDC_Control_FS
                0x08005838        0x4 Src\usbd_cdc_if.o
 .text.CDC_Receive_FS
                0x0800583c       0x1c Src\usbd_cdc_if.o
 .text.CDC_Init_FS
                0x08005858       0x28 Src\usbd_cdc_if.o
 .text.HAL_PCD_MspInit
                0x08005880       0x64 Src\usbd_conf.o
                0x08005880                HAL_PCD_MspInit
 .text.HAL_PCD_SetupStageCallback
                0x080058e4        0xc Src\usbd_conf.o
                0x080058e4                HAL_PCD_SetupStageCallback
 .text.HAL_PCD_DataOutStageCallback
                0x080058f0       0x12 Src\usbd_conf.o
                0x080058f0                HAL_PCD_DataOutStageCallback
 .text.HAL_PCD_DataInStageCallback
                0x08005902       0x10 Src\usbd_conf.o
                0x08005902                HAL_PCD_DataInStageCallback
 .text.HAL_PCD_SOFCallback
                0x08005912        0x8 Src\usbd_conf.o
                0x08005912                HAL_PCD_SOFCallback
 .text.HAL_PCD_ResetCallback
                0x0800591a       0x20 Src\usbd_conf.o
                0x0800591a                HAL_PCD_ResetCallback
 *fill*         0x0800593a        0x2 
 .text.HAL_PCD_SuspendCallback
                0x0800593c       0x30 Src\usbd_conf.o
                0x0800593c                HAL_PCD_SuspendCallback
 .text.HAL_PCD_ResumeCallback
                0x0800596c        0x8 Src\usbd_conf.o
                0x0800596c                HAL_PCD_ResumeCallback
 .text.HAL_PCD_ISOOUTIncompleteCallback
                0x08005974        0x8 Src\usbd_conf.o
                0x08005974                HAL_PCD_ISOOUTIncompleteCallback
 .text.HAL_PCD_ISOINIncompleteCallback
                0x0800597c        0x8 Src\usbd_conf.o
                0x0800597c                HAL_PCD_ISOINIncompleteCallback
 .text.HAL_PCD_ConnectCallback
                0x08005984        0x8 Src\usbd_conf.o
                0x08005984                HAL_PCD_ConnectCallback
 .text.HAL_PCD_DisconnectCallback
                0x0800598c        0x8 Src\usbd_conf.o
                0x0800598c                HAL_PCD_DisconnectCallback
 .text.USBD_LL_Init
                0x08005994       0x60 Src\usbd_conf.o
                0x08005994                USBD_LL_Init
 .text.USBD_LL_Start
                0x080059f4       0x1c Src\usbd_conf.o
                0x080059f4                USBD_LL_Start
 .text.USBD_LL_OpenEP
                0x08005a10       0x20 Src\usbd_conf.o
                0x08005a10                USBD_LL_OpenEP
 .text.USBD_LL_CloseEP
                0x08005a30       0x1c Src\usbd_conf.o
                0x08005a30                USBD_LL_CloseEP
 .text.USBD_LL_StallEP
                0x08005a4c       0x1c Src\usbd_conf.o
                0x08005a4c                USBD_LL_StallEP
 .text.USBD_LL_ClearStallEP
                0x08005a68       0x1c Src\usbd_conf.o
                0x08005a68                USBD_LL_ClearStallEP
 .text.USBD_LL_IsStallEP
                0x08005a84       0x26 Src\usbd_conf.o
                0x08005a84                USBD_LL_IsStallEP
 *fill*         0x08005aaa        0x2 
 .text.USBD_LL_SetUSBAddress
                0x08005aac       0x1c Src\usbd_conf.o
                0x08005aac                USBD_LL_SetUSBAddress
 .text.USBD_LL_Transmit
                0x08005ac8       0x1c Src\usbd_conf.o
                0x08005ac8                USBD_LL_Transmit
 .text.USBD_LL_PrepareReceive
                0x08005ae4       0x1c Src\usbd_conf.o
                0x08005ae4                USBD_LL_PrepareReceive
 .text.USBD_LL_GetRxDataSize
                0x08005b00        0xc Src\usbd_conf.o
                0x08005b00                USBD_LL_GetRxDataSize
 .text.USBD_FS_DeviceDescriptor
                0x08005b0c        0xc Src\usbd_desc.o
                0x08005b0c                USBD_FS_DeviceDescriptor
 .text.USBD_FS_LangIDStrDescriptor
                0x08005b18        0xc Src\usbd_desc.o
                0x08005b18                USBD_FS_LangIDStrDescriptor
 .text.USBD_FS_ManufacturerStrDescriptor
                0x08005b24       0x1c Src\usbd_desc.o
                0x08005b24                USBD_FS_ManufacturerStrDescriptor
 .text.USBD_FS_ProductStrDescriptor
                0x08005b40       0x1c Src\usbd_desc.o
                0x08005b40                USBD_FS_ProductStrDescriptor
 .text.USBD_FS_SerialStrDescriptor
                0x08005b5c       0x1c Src\usbd_desc.o
                0x08005b5c                USBD_FS_SerialStrDescriptor
 .text.USBD_FS_ConfigStrDescriptor
                0x08005b78       0x1c Src\usbd_desc.o
                0x08005b78                USBD_FS_ConfigStrDescriptor
 .text.USBD_FS_InterfaceStrDescriptor
                0x08005b94       0x1c Src\usbd_desc.o
                0x08005b94                USBD_FS_InterfaceStrDescriptor
 .text.Reset_Handler
                0x08005bb0       0x50 startup\startup_stm32f407xx.o
                0x08005bb0                Reset_Handler
 .text.Default_Handler
                0x08005c00        0x2 startup\startup_stm32f407xx.o
                0x08005c00                RTC_Alarm_IRQHandler
                0x08005c00                HASH_RNG_IRQHandler
                0x08005c00                EXTI2_IRQHandler
                0x08005c00                TIM8_CC_IRQHandler
                0x08005c00                TIM1_CC_IRQHandler
                0x08005c00                DMA2_Stream5_IRQHandler
                0x08005c00                DMA1_Stream5_IRQHandler
                0x08005c00                PVD_IRQHandler
                0x08005c00                TAMP_STAMP_IRQHandler
                0x08005c00                EXTI3_IRQHandler
                0x08005c00                TIM8_TRG_COM_TIM14_IRQHandler
                0x08005c00                TIM1_UP_TIM10_IRQHandler
                0x08005c00                TIM8_UP_TIM13_IRQHandler
                0x08005c00                I2C3_ER_IRQHandler
                0x08005c00                EXTI0_IRQHandler
                0x08005c00                I2C2_EV_IRQHandler
                0x08005c00                DMA1_Stream2_IRQHandler
                0x08005c00                CAN1_RX0_IRQHandler
                0x08005c00                FPU_IRQHandler
                0x08005c00                OTG_HS_WKUP_IRQHandler
                0x08005c00                CAN2_SCE_IRQHandler
                0x08005c00                DMA2_Stream2_IRQHandler
                0x08005c00                SPI1_IRQHandler
                0x08005c00                TIM6_DAC_IRQHandler
                0x08005c00                TIM1_BRK_TIM9_IRQHandler
                0x08005c00                DCMI_IRQHandler
                0x08005c00                DMA2_Stream3_IRQHandler
                0x08005c00                USART6_IRQHandler
                0x08005c00                USART3_IRQHandler
                0x08005c00                CAN1_RX1_IRQHandler
                0x08005c00                UART5_IRQHandler
                0x08005c00                DMA2_Stream0_IRQHandler
                0x08005c00                TIM4_IRQHandler
                0x08005c00                I2C1_EV_IRQHandler
                0x08005c00                DMA1_Stream6_IRQHandler
                0x08005c00                DMA1_Stream1_IRQHandler
                0x08005c00                UART4_IRQHandler
                0x08005c00                TIM3_IRQHandler
                0x08005c00                RCC_IRQHandler
                0x08005c00                TIM8_BRK_TIM12_IRQHandler
                0x08005c00                Default_Handler
                0x08005c00                EXTI15_10_IRQHandler
                0x08005c00                ADC_IRQHandler
                0x08005c00                DMA1_Stream7_IRQHandler
                0x08005c00                TIM7_IRQHandler
                0x08005c00                CAN2_TX_IRQHandler
                0x08005c00                TIM5_IRQHandler
                0x08005c00                DMA2_Stream7_IRQHandler
                0x08005c00                I2C3_EV_IRQHandler
                0x08005c00                EXTI9_5_IRQHandler
                0x08005c00                RTC_WKUP_IRQHandler
                0x08005c00                ETH_WKUP_IRQHandler
                0x08005c00                SPI2_IRQHandler
                0x08005c00                OTG_HS_EP1_IN_IRQHandler
                0x08005c00                DMA1_Stream0_IRQHandler
                0x08005c00                CAN1_TX_IRQHandler
                0x08005c00                EXTI4_IRQHandler
                0x08005c00                FSMC_IRQHandler
                0x08005c00                ETH_IRQHandler
                0x08005c00                OTG_HS_EP1_OUT_IRQHandler
                0x08005c00                WWDG_IRQHandler
                0x08005c00                TIM2_IRQHandler
                0x08005c00                OTG_FS_WKUP_IRQHandler
                0x08005c00                TIM1_TRG_COM_TIM11_IRQHandler
                0x08005c00                OTG_HS_IRQHandler
                0x08005c00                EXTI1_IRQHandler
                0x08005c00                USART2_IRQHandler
                0x08005c00                I2C2_ER_IRQHandler
                0x08005c00                DMA2_Stream1_IRQHandler
                0x08005c00                CAN1_SCE_IRQHandler
                0x08005c00                FLASH_IRQHandler
                0x08005c00                DMA2_Stream4_IRQHandler
                0x08005c00                USART1_IRQHandler
                0x08005c00                SPI3_IRQHandler
                0x08005c00                DMA1_Stream4_IRQHandler
                0x08005c00                I2C1_ER_IRQHandler
                0x08005c00                DMA2_Stream6_IRQHandler
                0x08005c00                DMA1_Stream3_IRQHandler
 *fill*         0x08005c02        0x2 
 .text.__libc_init_array
                0x08005c04       0x4c c:/program files (x86)/atollic/truestudio for arm 7.1.2/armtools/bin/../lib/gcc/arm-atollic-eabi/5.3.1/../../../../arm-atollic-eabi/lib/armv7e-m/fpu\libc_nano.a(lib_a-init.o)
                0x08005c04                __libc_init_array
 .text.malloc   0x08005c50       0x10 c:/program files (x86)/atollic/truestudio for arm 7.1.2/armtools/bin/../lib/gcc/arm-atollic-eabi/5.3.1/../../../../arm-atollic-eabi/lib/armv7e-m/fpu\libc_nano.a(lib_a-malloc.o)
                0x08005c50                malloc
 .text.free     0x08005c60       0x10 c:/program files (x86)/atollic/truestudio for arm 7.1.2/armtools/bin/../lib/gcc/arm-atollic-eabi/5.3.1/../../../../arm-atollic-eabi/lib/armv7e-m/fpu\libc_nano.a(lib_a-malloc.o)
                0x08005c60                free
 .text._free_r  0x08005c70       0x9c c:/program files (x86)/atollic/truestudio for arm 7.1.2/armtools/bin/../lib/gcc/arm-atollic-eabi/5.3.1/../../../../arm-atollic-eabi/lib/armv7e-m/fpu\libc_nano.a(lib_a-nano-freer.o)
                0x08005c70                _free_r
 .text._malloc_r
                0x08005d0c       0xbc c:/program files (x86)/atollic/truestudio for arm 7.1.2/armtools/bin/../lib/gcc/arm-atollic-eabi/5.3.1/../../../../arm-atollic-eabi/lib/armv7e-m/fpu\libc_nano.a(lib_a-nano-mallocr.o)
                0x08005d0c                _malloc_r
 .text._sbrk_r  0x08005dc8       0x20 c:/program files (x86)/atollic/truestudio for arm 7.1.2/armtools/bin/../lib/gcc/arm-atollic-eabi/5.3.1/../../../../arm-atollic-eabi/lib/armv7e-m/fpu\libc_nano.a(lib_a-sbrkr.o)
                0x08005dc8                _sbrk_r
 .text.__malloc_lock
                0x08005de8        0x2 c:/program files (x86)/atollic/truestudio for arm 7.1.2/armtools/bin/../lib/gcc/arm-atollic-eabi/5.3.1/../../../../arm-atollic-eabi/lib/armv7e-m/fpu\libc_nano.a(lib_a-mlock.o)
                0x08005de8                __malloc_lock
 .text.__malloc_unlock
                0x08005dea        0x2 c:/program files (x86)/atollic/truestudio for arm 7.1.2/armtools/bin/../lib/gcc/arm-atollic-eabi/5.3.1/../../../../arm-atollic-eabi/lib/armv7e-m/fpu\libc_nano.a(lib_a-mlock.o)
                0x08005dea                __malloc_unlock
 .text._sbrk    0x08005dec       0x1c c:/program files (x86)/atollic/truestudio for arm 7.1.2/armtools/bin/../lib/gcc/arm-atollic-eabi/5.3.1/../../../../arm-atollic-eabi/lib/armv7e-m/fpu\libnosys.a(sbrk.o)
                0x08005dec                _sbrk
 *(.glue_7)
 .glue_7        0x08005e08        0x0 linker stubs
 *(.glue_7t)
 .glue_7t       0x08005e08        0x0 linker stubs
 *(.eh_frame)
 .eh_frame      0x08005e08        0x0 c:/program files (x86)/atollic/truestudio for arm 7.1.2/armtools/bin/../lib/gcc/arm-atollic-eabi/5.3.1/armv7e-m/fpu/crtbegin.o
 *(.init)
 .init          0x08005e08        0x4 c:/program files (x86)/atollic/truestudio for arm 7.1.2/armtools/bin/../lib/gcc/arm-atollic-eabi/5.3.1/armv7e-m/fpu/crti.o
                0x08005e08                _init
 .init          0x08005e0c        0x8 c:/program files (x86)/atollic/truestudio for arm 7.1.2/armtools/bin/../lib/gcc/arm-atollic-eabi/5.3.1/armv7e-m/fpu/crtn.o
 *(.fini)
 .fini          0x08005e14        0x4 c:/program files (x86)/atollic/truestudio for arm 7.1.2/armtools/bin/../lib/gcc/arm-atollic-eabi/5.3.1/armv7e-m/fpu/crti.o
                0x08005e14                _fini
 .fini          0x08005e18        0x8 c:/program files (x86)/atollic/truestudio for arm 7.1.2/armtools/bin/../lib/gcc/arm-atollic-eabi/5.3.1/armv7e-m/fpu/crtn.o
                0x08005e20                . = ALIGN (0x4)
                0x08005e20                _etext = .

.vfp11_veneer   0x08005e20        0x0
 .vfp11_veneer  0x08005e20        0x0 linker stubs

.v4_bx          0x08005e20        0x0
 .v4_bx         0x08005e20        0x0 linker stubs

.iplt           0x08005e20        0x0
 .iplt          0x08005e20        0x0 c:/program files (x86)/atollic/truestudio for arm 7.1.2/armtools/bin/../lib/gcc/arm-atollic-eabi/5.3.1/armv7e-m/fpu/crtbegin.o

.rodata         0x08005e20       0x84
                0x08005e20                . = ALIGN (0x4)
 *(.rodata)
 *(.rodata*)
 .rodata.SD_Driver
                0x08005e20       0x14 Middlewares\Third_Party\FatFs\src\drivers\sd_diskio.o
                0x08005e20                SD_Driver
 .rodata.AHBPrescTable
                0x08005e34       0x10 Src\system_stm32f4xx.o
                0x08005e34                AHBPrescTable
 .rodata.APBPrescTable
                0x08005e44        0x8 Src\system_stm32f4xx.o
                0x08005e44                APBPrescTable
 .rodata.CSWTCH.39
                0x08005e4c        0x4 Src\usbd_conf.o
 .rodata.str1.1
                0x08005e50       0x4f Src\usbd_desc.o
 .rodata.str1.1
                0x08005e9f        0x2 c:/program files (x86)/atollic/truestudio for arm 7.1.2/armtools/bin/../lib/gcc/arm-atollic-eabi/5.3.1/../../../../arm-atollic-eabi/lib/armv7e-m/fpu\libc_nano.a(lib_a-impure.o)
                0x08005ea4                . = ALIGN (0x4)
 *fill*         0x08005ea1        0x3 

.rel.dyn        0x08005ea4        0x0
 .rel.iplt      0x08005ea4        0x0 c:/program files (x86)/atollic/truestudio for arm 7.1.2/armtools/bin/../lib/gcc/arm-atollic-eabi/5.3.1/armv7e-m/fpu/crtbegin.o

.ARM.extab
 *(.ARM.extab* .gnu.linkonce.armextab.*)

.ARM            0x08005ea4        0x0
                0x08005ea4                __exidx_start = .
 *(.ARM.exidx*)
                0x08005ea4                __exidx_end = .

.preinit_array  0x08005ea4        0x0
                0x08005ea4                PROVIDE (__preinit_array_start, .)
 *(.preinit_array*)
                0x08005ea4                PROVIDE (__preinit_array_end, .)

.init_array     0x08005ea4        0x4
                0x08005ea4                PROVIDE (__init_array_start, .)
 *(SORT(.init_array.*))
 *(.init_array*)
 .init_array    0x08005ea4        0x4 c:/program files (x86)/atollic/truestudio for arm 7.1.2/armtools/bin/../lib/gcc/arm-atollic-eabi/5.3.1/armv7e-m/fpu/crtbegin.o
                0x08005ea8                PROVIDE (__init_array_end, .)

.fini_array     0x08005ea8        0x4
                [!provide]                PROVIDE (__fini_array_start, .)
 *(SORT(.fini_array.*))
 *(.fini_array*)
 .fini_array    0x08005ea8        0x4 c:/program files (x86)/atollic/truestudio for arm 7.1.2/armtools/bin/../lib/gcc/arm-atollic-eabi/5.3.1/armv7e-m/fpu/crtbegin.o
                [!provide]                PROVIDE (__fini_array_end, .)
                0x08005eac                _sidata = LOADADDR (.data)

.data           0x20000000      0x1bc load address 0x08005eac
                0x20000000                . = ALIGN (0x4)
                0x20000000                _sdata = .
 *(.data)
 *(.data*)
 .data.USBD_CDC_CfgFSDesc
                0x20000000       0x43 Middlewares\ST\STM32_USB_Device_Library\Class\CDC\Src\usbd_cdc.o
                0x20000000                USBD_CDC_CfgFSDesc
 *fill*         0x20000043        0x1 
 .data.USBD_CDC
                0x20000044       0x38 Middlewares\ST\STM32_USB_Device_Library\Class\CDC\Src\usbd_cdc.o
                0x20000044                USBD_CDC
 .data.USBD_CDC_DeviceQualifierDesc
                0x2000007c        0xa Middlewares\ST\STM32_USB_Device_Library\Class\CDC\Src\usbd_cdc.o
 *fill*         0x20000086        0x2 
 .data.USBD_CDC_OtherSpeedCfgDesc
                0x20000088       0x43 Middlewares\ST\STM32_USB_Device_Library\Class\CDC\Src\usbd_cdc.o
                0x20000088                USBD_CDC_OtherSpeedCfgDesc
 *fill*         0x200000cb        0x1 
 .data.USBD_CDC_CfgHSDesc
                0x200000cc       0x43 Middlewares\ST\STM32_USB_Device_Library\Class\CDC\Src\usbd_cdc.o
                0x200000cc                USBD_CDC_CfgHSDesc
 .data.Stat     0x2000010f        0x1 Middlewares\Third_Party\FatFs\src\drivers\sd_diskio.o
 .data.SystemCoreClock
                0x20000110        0x4 Src\system_stm32f4xx.o
                0x20000110                SystemCoreClock
 .data.USBD_Interface_fops_FS
                0x20000114       0x10 Src\usbd_cdc_if.o
                0x20000114                USBD_Interface_fops_FS
 .data.FS_Desc  0x20000124       0x1c Src\usbd_desc.o
                0x20000124                FS_Desc
 .data.USBD_LangIDDesc
                0x20000140        0x4 Src\usbd_desc.o
                0x20000140                USBD_LangIDDesc
 .data.USBD_FS_DeviceDesc
                0x20000144       0x12 Src\usbd_desc.o
                0x20000144                USBD_FS_DeviceDesc
 *fill*         0x20000156        0x2 
 .data.impure_data
                0x20000158       0x60 c:/program files (x86)/atollic/truestudio for arm 7.1.2/armtools/bin/../lib/gcc/arm-atollic-eabi/5.3.1/../../../../arm-atollic-eabi/lib/armv7e-m/fpu\libc_nano.a(lib_a-impure.o)
 .data._impure_ptr
                0x200001b8        0x4 c:/program files (x86)/atollic/truestudio for arm 7.1.2/armtools/bin/../lib/gcc/arm-atollic-eabi/5.3.1/../../../../arm-atollic-eabi/lib/armv7e-m/fpu\libc_nano.a(lib_a-impure.o)
                0x200001b8                _impure_ptr
                0x200001bc                . = ALIGN (0x4)
                0x200001bc                _edata = .
                0x08006068                _siccmram = LOADADDR (.ccmram)

.igot.plt       0x200001bc        0x0 load address 0x08006068
 .igot.plt      0x200001bc        0x0 c:/program files (x86)/atollic/truestudio for arm 7.1.2/armtools/bin/../lib/gcc/arm-atollic-eabi/5.3.1/armv7e-m/fpu/crtbegin.o

.ccmram         0x10000000        0x0 load address 0x08006068
                0x10000000                . = ALIGN (0x4)
                0x10000000                _sccmram = .
 *(.ccmram)
 *(.ccmram*)
                0x10000000                . = ALIGN (0x4)
                0x10000000                _eccmram = .
                0x10000000                . = ALIGN (0x4)

.bss            0x200001bc      0xadc
                0x200001bc                _sbss = .
                0x200001bc                __bss_start__ = _sbss
 *(.bss)
 .bss           0x200001bc       0x1c c:/program files (x86)/atollic/truestudio for arm 7.1.2/armtools/bin/../lib/gcc/arm-atollic-eabi/5.3.1/armv7e-m/fpu/crtbegin.o
 *(.bss*)
 .bss.ifalt.9688
                0x200001d8        0x1 Middlewares\ST\STM32_USB_Device_Library\Class\CDC\Src\usbd_cdc.o
 .bss.cfgidx.9693
                0x200001d9        0x1 Middlewares\ST\STM32_USB_Device_Library\Core\Src\usbd_ctlreq.o
 *fill*         0x200001da        0x2 
 .bss.disk      0x200001dc        0xc Middlewares\Third_Party\FatFs\src\ff_gen_drv.o
                0x200001dc                disk
 .bss.__malloc_sbrk_start
                0x200001e8        0x4 c:/program files (x86)/atollic/truestudio for arm 7.1.2/armtools/bin/../lib/gcc/arm-atollic-eabi/5.3.1/../../../../arm-atollic-eabi/lib/armv7e-m/fpu\libc_nano.a(lib_a-nano-mallocr.o)
                0x200001e8                __malloc_sbrk_start
 .bss.__malloc_free_list
                0x200001ec        0x4 c:/program files (x86)/atollic/truestudio for arm 7.1.2/armtools/bin/../lib/gcc/arm-atollic-eabi/5.3.1/../../../../arm-atollic-eabi/lib/armv7e-m/fpu\libc_nano.a(lib_a-nano-mallocr.o)
                0x200001ec                __malloc_free_list
 .bss.heap_end.4169
                0x200001f0        0x4 c:/program files (x86)/atollic/truestudio for arm 7.1.2/armtools/bin/../lib/gcc/arm-atollic-eabi/5.3.1/../../../../arm-atollic-eabi/lib/armv7e-m/fpu\libnosys.a(sbrk.o)
 *(COMMON)
 COMMON         0x200001f4        0x4 Drivers\STM32F4xx_HAL_Driver\Src\stm32f4xx_hal.o
                0x200001f4                uwTick
 COMMON         0x200001f8       0x44 Src\can.o
                0x200001f8                hcan2
 COMMON         0x2000023c        0x5 Src\fatfs.o
                0x2000023c                retSD
                0x2000023d                SD_Path
 *fill*         0x20000241        0x3 
 COMMON         0x20000244       0x20 Src\rtc.o
                0x20000244                hrtc
 COMMON         0x20000264       0x84 Src\sdio.o
                0x20000264                hsd
 COMMON         0x200002e8       0x58 Src\spi.o
                0x200002e8                hspi1
 COMMON         0x20000340       0xb4 Src\tim.o
                0x20000340                htim5
                0x2000037c                htim1
                0x200003b8                htim2
 COMMON         0x200003f4       0x84 Src\usart.o
                0x200003f4                huart2
                0x20000434                husart1
 COMMON         0x20000478      0x224 Src\usb_device.o
                0x20000478                hUsbDeviceFS
 COMMON         0x2000069c        0x8 Src\usbd_cdc_if.o
                0x2000069c                UserRxBufferFS
                0x200006a0                UserTxBufferFS
 COMMON         0x200006a4      0x3f0 Src\usbd_conf.o
                0x200006a4                hpcd_USB_OTG_FS
 COMMON         0x20000a94      0x200 Src\usbd_desc.o
                0x20000a94                USBD_StrDesc
 COMMON         0x20000c94        0x4 c:/program files (x86)/atollic/truestudio for arm 7.1.2/armtools/bin/../lib/gcc/arm-atollic-eabi/5.3.1/../../../../arm-atollic-eabi/lib/armv7e-m/fpu\libc_nano.a(lib_a-reent.o)
                0x20000c94                errno
                0x20000c98                . = ALIGN (0x4)
                0x20000c98                _ebss = .
                0x20000c98                __bss_end__ = _ebss

._user_heap_stack
                0x20000c98      0x600
                0x20000c98                . = ALIGN (0x4)
                0x20000c98                PROVIDE (end, .)
                [!provide]                PROVIDE (_end, .)
                0x20000e98                . = (. + _Min_Heap_Size)
 *fill*         0x20000c98      0x200 
                0x20001298                . = (. + _Min_Stack_Size)
 *fill*         0x20000e98      0x400 
                0x20001298                . = ALIGN (0x4)

/DISCARD/
 libc.a(*)
 libm.a(*)
 libgcc.a(*)

.ARM.attributes
                0x00000000       0x30
 *(.ARM.attributes)
 .ARM.attributes
                0x00000000       0x22 c:/program files (x86)/atollic/truestudio for arm 7.1.2/armtools/bin/../lib/gcc/arm-atollic-eabi/5.3.1/armv7e-m/fpu/crti.o
 .ARM.attributes
                0x00000022       0x34 c:/program files (x86)/atollic/truestudio for arm 7.1.2/armtools/bin/../lib/gcc/arm-atollic-eabi/5.3.1/armv7e-m/fpu/crtbegin.o
 .ARM.attributes
                0x00000056       0x39 Drivers\STM32F4xx_HAL_Driver\Src\stm32f4xx_hal.o
 .ARM.attributes
                0x0000008f       0x39 Drivers\STM32F4xx_HAL_Driver\Src\stm32f4xx_hal_can.o
 .ARM.attributes
                0x000000c8       0x39 Drivers\STM32F4xx_HAL_Driver\Src\stm32f4xx_hal_cortex.o
 .ARM.attributes
                0x00000101       0x39 Drivers\STM32F4xx_HAL_Driver\Src\stm32f4xx_hal_dma.o
 .ARM.attributes
                0x0000013a       0x39 Drivers\STM32F4xx_HAL_Driver\Src\stm32f4xx_hal_gpio.o
 .ARM.attributes
                0x00000173       0x39 Drivers\STM32F4xx_HAL_Driver\Src\stm32f4xx_hal_pcd.o
 .ARM.attributes
                0x000001ac       0x39 Drivers\STM32F4xx_HAL_Driver\Src\stm32f4xx_hal_pcd_ex.o
 .ARM.attributes
                0x000001e5       0x39 Drivers\STM32F4xx_HAL_Driver\Src\stm32f4xx_hal_rcc.o
 .ARM.attributes
                0x0000021e       0x39 Drivers\STM32F4xx_HAL_Driver\Src\stm32f4xx_hal_rcc_ex.o
 .ARM.attributes
                0x00000257       0x39 Drivers\STM32F4xx_HAL_Driver\Src\stm32f4xx_hal_rtc.o
 .ARM.attributes
                0x00000290       0x39 Drivers\STM32F4xx_HAL_Driver\Src\stm32f4xx_hal_rtc_ex.o
 .ARM.attributes
                0x000002c9       0x39 Drivers\STM32F4xx_HAL_Driver\Src\stm32f4xx_hal_sd.o
 .ARM.attributes
                0x00000302       0x39 Drivers\STM32F4xx_HAL_Driver\Src\stm32f4xx_hal_spi.o
 .ARM.attributes
                0x0000033b       0x39 Drivers\STM32F4xx_HAL_Driver\Src\stm32f4xx_hal_tim.o
 .ARM.attributes
                0x00000374       0x39 Drivers\STM32F4xx_HAL_Driver\Src\stm32f4xx_hal_tim_ex.o
 .ARM.attributes
                0x000003ad       0x39 Drivers\STM32F4xx_HAL_Driver\Src\stm32f4xx_hal_uart.o
 .ARM.attributes
                0x000003e6       0x39 Drivers\STM32F4xx_HAL_Driver\Src\stm32f4xx_hal_usart.o
 .ARM.attributes
                0x0000041f       0x39 Drivers\STM32F4xx_HAL_Driver\Src\stm32f4xx_ll_sdmmc.o
 .ARM.attributes
                0x00000458       0x39 Drivers\STM32F4xx_HAL_Driver\Src\stm32f4xx_ll_usb.o
 .ARM.attributes
                0x00000491       0x39 Middlewares\ST\STM32_USB_Device_Library\Class\CDC\Src\usbd_cdc.o
 .ARM.attributes
                0x000004ca       0x39 Middlewares\ST\STM32_USB_Device_Library\Core\Src\usbd_core.o
 .ARM.attributes
                0x00000503       0x39 Middlewares\ST\STM32_USB_Device_Library\Core\Src\usbd_ctlreq.o
 .ARM.attributes
                0x0000053c       0x39 Middlewares\ST\STM32_USB_Device_Library\Core\Src\usbd_ioreq.o
 .ARM.attributes
                0x00000575       0x39 Middlewares\Third_Party\FatFs\src\drivers\sd_diskio.o
 .ARM.attributes
                0x000005ae       0x39 Middlewares\Third_Party\FatFs\src\ff_gen_drv.o
 .ARM.attributes
                0x000005e7       0x39 Src\bsp_driver_sd.o
 .ARM.attributes
                0x00000620       0x39 Src\can.o
 .ARM.attributes
                0x00000659       0x39 Src\fatfs.o
 .ARM.attributes
                0x00000692       0x39 Src\gpio.o
 .ARM.attributes
                0x000006cb       0x39 Src\main.o
 .ARM.attributes
                0x00000704       0x39 Src\rtc.o
 .ARM.attributes
                0x0000073d       0x39 Src\sdio.o
 .ARM.attributes
                0x00000776       0x39 Src\spi.o
 .ARM.attributes
                0x000007af       0x39 Src\stm32f4xx_hal_msp.o
 .ARM.attributes
                0x000007e8       0x39 Src\stm32f4xx_it.o
 .ARM.attributes
                0x00000821       0x39 Src\system_stm32f4xx.o
 .ARM.attributes
                0x0000085a       0x39 Src\tim.o
 .ARM.attributes
                0x00000893       0x39 Src\usart.o
 .ARM.attributes
                0x000008cc       0x39 Src\usb_device.o
 .ARM.attributes
                0x00000905       0x39 Src\usbd_cdc_if.o
 .ARM.attributes
                0x0000093e       0x39 Src\usbd_conf.o
 .ARM.attributes
                0x00000977       0x39 Src\usbd_desc.o
 .ARM.attributes
                0x000009b0       0x21 startup\startup_stm32f407xx.o
 .ARM.attributes
                0x000009d1       0x34 c:/program files (x86)/atollic/truestudio for arm 7.1.2/armtools/bin/../lib/gcc/arm-atollic-eabi/5.3.1/../../../../arm-atollic-eabi/lib/armv7e-m/fpu\libc_nano.a(lib_a-init.o)
 .ARM.attributes
                0x00000a05       0x34 c:/program files (x86)/atollic/truestudio for arm 7.1.2/armtools/bin/../lib/gcc/arm-atollic-eabi/5.3.1/../../../../arm-atollic-eabi/lib/armv7e-m/fpu\libc_nano.a(lib_a-malloc.o)
 .ARM.attributes
                0x00000a39       0x34 c:/program files (x86)/atollic/truestudio for arm 7.1.2/armtools/bin/../lib/gcc/arm-atollic-eabi/5.3.1/../../../../arm-atollic-eabi/lib/armv7e-m/fpu\libc_nano.a(lib_a-nano-freer.o)
 .ARM.attributes
                0x00000a6d       0x34 c:/program files (x86)/atollic/truestudio for arm 7.1.2/armtools/bin/../lib/gcc/arm-atollic-eabi/5.3.1/../../../../arm-atollic-eabi/lib/armv7e-m/fpu\libc_nano.a(lib_a-nano-mallocr.o)
 .ARM.attributes
                0x00000aa1       0x34 c:/program files (x86)/atollic/truestudio for arm 7.1.2/armtools/bin/../lib/gcc/arm-atollic-eabi/5.3.1/../../../../arm-atollic-eabi/lib/armv7e-m/fpu\libc_nano.a(lib_a-sbrkr.o)
 .ARM.attributes
                0x00000ad5       0x34 c:/program files (x86)/atollic/truestudio for arm 7.1.2/armtools/bin/../lib/gcc/arm-atollic-eabi/5.3.1/../../../../arm-atollic-eabi/lib/armv7e-m/fpu\libc_nano.a(lib_a-impure.o)
 .ARM.attributes
                0x00000b09       0x34 c:/program files (x86)/atollic/truestudio for arm 7.1.2/armtools/bin/../lib/gcc/arm-atollic-eabi/5.3.1/../../../../arm-atollic-eabi/lib/armv7e-m/fpu\libc_nano.a(lib_a-mlock.o)
 .ARM.attributes
                0x00000b3d       0x34 c:/program files (x86)/atollic/truestudio for arm 7.1.2/armtools/bin/../lib/gcc/arm-atollic-eabi/5.3.1/../../../../arm-atollic-eabi/lib/armv7e-m/fpu\libc_nano.a(lib_a-reent.o)
 .ARM.attributes
                0x00000b71       0x34 c:/program files (x86)/atollic/truestudio for arm 7.1.2/armtools/bin/../lib/gcc/arm-atollic-eabi/5.3.1/../../../../arm-atollic-eabi/lib/armv7e-m/fpu\libnosys.a(sbrk.o)
 .ARM.attributes
                0x00000ba5       0x22 c:/program files (x86)/atollic/truestudio for arm 7.1.2/armtools/bin/../lib/gcc/arm-atollic-eabi/5.3.1/armv7e-m/fpu/crtn.o
OUTPUT(SGP_Project.elf elf32-littlearm)

.debug_info     0x00000000    0x2334a
 .debug_info    0x00000000      0x915 Drivers\STM32F4xx_HAL_Driver\Src\stm32f4xx_hal.o
 .debug_info    0x00000915      0xba8 Drivers\STM32F4xx_HAL_Driver\Src\stm32f4xx_hal_can.o
 .debug_info    0x000014bd      0xefb Drivers\STM32F4xx_HAL_Driver\Src\stm32f4xx_hal_cortex.o
 .debug_info    0x000023b8      0xa28 Drivers\STM32F4xx_HAL_Driver\Src\stm32f4xx_hal_dma.o
 .debug_info    0x00002de0      0x72d Drivers\STM32F4xx_HAL_Driver\Src\stm32f4xx_hal_gpio.o
 .debug_info    0x0000350d     0x12b3 Drivers\STM32F4xx_HAL_Driver\Src\stm32f4xx_hal_pcd.o
 .debug_info    0x000047c0      0x570 Drivers\STM32F4xx_HAL_Driver\Src\stm32f4xx_hal_pcd_ex.o
 .debug_info    0x00004d30      0xcad Drivers\STM32F4xx_HAL_Driver\Src\stm32f4xx_hal_rcc.o
 .debug_info    0x000059dd      0x5ce Drivers\STM32F4xx_HAL_Driver\Src\stm32f4xx_hal_rcc_ex.o
 .debug_info    0x00005fab      0xdf9 Drivers\STM32F4xx_HAL_Driver\Src\stm32f4xx_hal_rtc.o
 .debug_info    0x00006da4      0xfc5 Drivers\STM32F4xx_HAL_Driver\Src\stm32f4xx_hal_rtc_ex.o
 .debug_info    0x00007d69     0x2199 Drivers\STM32F4xx_HAL_Driver\Src\stm32f4xx_hal_sd.o
 .debug_info    0x00009f02     0x1a89 Drivers\STM32F4xx_HAL_Driver\Src\stm32f4xx_hal_spi.o
 .debug_info    0x0000b98b     0x2ea6 Drivers\STM32F4xx_HAL_Driver\Src\stm32f4xx_hal_tim.o
 .debug_info    0x0000e831      0xf7b Drivers\STM32F4xx_HAL_Driver\Src\stm32f4xx_hal_tim_ex.o
 .debug_info    0x0000f7ac     0x1506 Drivers\STM32F4xx_HAL_Driver\Src\stm32f4xx_hal_uart.o
 .debug_info    0x00010cb2     0x1411 Drivers\STM32F4xx_HAL_Driver\Src\stm32f4xx_hal_usart.o
 .debug_info    0x000120c3     0x165c Drivers\STM32F4xx_HAL_Driver\Src\stm32f4xx_ll_sdmmc.o
 .debug_info    0x0001371f     0x16e5 Drivers\STM32F4xx_HAL_Driver\Src\stm32f4xx_ll_usb.o
 .debug_info    0x00014e04      0xc80 Middlewares\ST\STM32_USB_Device_Library\Class\CDC\Src\usbd_cdc.o
 .debug_info    0x00015a84      0xbd9 Middlewares\ST\STM32_USB_Device_Library\Core\Src\usbd_core.o
 .debug_info    0x0001665d      0xbc7 Middlewares\ST\STM32_USB_Device_Library\Core\Src\usbd_ctlreq.o
 .debug_info    0x00017224      0x761 Middlewares\ST\STM32_USB_Device_Library\Core\Src\usbd_ioreq.o
 .debug_info    0x00017985      0x661 Middlewares\Third_Party\FatFs\src\drivers\sd_diskio.o
 .debug_info    0x00017fe6      0x499 Middlewares\Third_Party\FatFs\src\ff_gen_drv.o
 .debug_info    0x0001847f      0xb5d Src\bsp_driver_sd.o
 .debug_info    0x00018fdc      0xcb9 Src\can.o
 .debug_info    0x00019c95      0x285 Src\fatfs.o
 .debug_info    0x00019f1a      0x65d Src\gpio.o
 .debug_info    0x0001a577      0xf8c Src\main.o
 .debug_info    0x0001b503      0x71e Src\rtc.o
 .debug_info    0x0001bc21      0xcb4 Src\sdio.o
 .debug_info    0x0001c8d5      0x978 Src\spi.o
 .debug_info    0x0001d24d      0x3da Src\stm32f4xx_hal_msp.o
 .debug_info    0x0001d627      0xfe7 Src\stm32f4xx_it.o
 .debug_info    0x0001e60e      0x4fc Src\system_stm32f4xx.o
 .debug_info    0x0001eb0a      0xf13 Src\tim.o
 .debug_info    0x0001fa1d      0xb7a Src\usart.o
 .debug_info    0x00020597      0x615 Src\usb_device.o
 .debug_info    0x00020bac      0x819 Src\usbd_cdc_if.o
 .debug_info    0x000213c5     0x1a04 Src\usbd_conf.o
 .debug_info    0x00022dc9      0x4f4 Src\usbd_desc.o
 .debug_info    0x000232bd       0x8d startup\startup_stm32f407xx.o

.debug_abbrev   0x00000000     0x5c2d
 .debug_abbrev  0x00000000      0x26b Drivers\STM32F4xx_HAL_Driver\Src\stm32f4xx_hal.o
 .debug_abbrev  0x0000026b      0x29b Drivers\STM32F4xx_HAL_Driver\Src\stm32f4xx_hal_can.o
 .debug_abbrev  0x00000506      0x32f Drivers\STM32F4xx_HAL_Driver\Src\stm32f4xx_hal_cortex.o
 .debug_abbrev  0x00000835      0x2dd Drivers\STM32F4xx_HAL_Driver\Src\stm32f4xx_hal_dma.o
 .debug_abbrev  0x00000b12      0x1c8 Drivers\STM32F4xx_HAL_Driver\Src\stm32f4xx_hal_gpio.o
 .debug_abbrev  0x00000cda      0x2dc Drivers\STM32F4xx_HAL_Driver\Src\stm32f4xx_hal_pcd.o
 .debug_abbrev  0x00000fb6      0x16f Drivers\STM32F4xx_HAL_Driver\Src\stm32f4xx_hal_pcd_ex.o
 .debug_abbrev  0x00001125      0x30d Drivers\STM32F4xx_HAL_Driver\Src\stm32f4xx_hal_rcc.o
 .debug_abbrev  0x00001432      0x201 Drivers\STM32F4xx_HAL_Driver\Src\stm32f4xx_hal_rcc_ex.o
 .debug_abbrev  0x00001633      0x21b Drivers\STM32F4xx_HAL_Driver\Src\stm32f4xx_hal_rtc.o
 .debug_abbrev  0x0000184e      0x22c Drivers\STM32F4xx_HAL_Driver\Src\stm32f4xx_hal_rtc_ex.o
 .debug_abbrev  0x00001a7a      0x36f Drivers\STM32F4xx_HAL_Driver\Src\stm32f4xx_hal_sd.o
 .debug_abbrev  0x00001de9      0x346 Drivers\STM32F4xx_HAL_Driver\Src\stm32f4xx_hal_spi.o
 .debug_abbrev  0x0000212f      0x311 Drivers\STM32F4xx_HAL_Driver\Src\stm32f4xx_hal_tim.o
 .debug_abbrev  0x00002440      0x270 Drivers\STM32F4xx_HAL_Driver\Src\stm32f4xx_hal_tim_ex.o
 .debug_abbrev  0x000026b0      0x308 Drivers\STM32F4xx_HAL_Driver\Src\stm32f4xx_hal_uart.o
 .debug_abbrev  0x000029b8      0x30a Drivers\STM32F4xx_HAL_Driver\Src\stm32f4xx_hal_usart.o
 .debug_abbrev  0x00002cc2      0x259 Drivers\STM32F4xx_HAL_Driver\Src\stm32f4xx_ll_sdmmc.o
 .debug_abbrev  0x00002f1b      0x2de Drivers\STM32F4xx_HAL_Driver\Src\stm32f4xx_ll_usb.o
 .debug_abbrev  0x000031f9      0x256 Middlewares\ST\STM32_USB_Device_Library\Class\CDC\Src\usbd_cdc.o
 .debug_abbrev  0x0000344f      0x270 Middlewares\ST\STM32_USB_Device_Library\Core\Src\usbd_core.o
 .debug_abbrev  0x000036bf      0x2c4 Middlewares\ST\STM32_USB_Device_Library\Core\Src\usbd_ctlreq.o
 .debug_abbrev  0x00003983      0x155 Middlewares\ST\STM32_USB_Device_Library\Core\Src\usbd_ioreq.o
 .debug_abbrev  0x00003ad8      0x1e1 Middlewares\Third_Party\FatFs\src\drivers\sd_diskio.o
 .debug_abbrev  0x00003cb9      0x1db Middlewares\Third_Party\FatFs\src\ff_gen_drv.o
 .debug_abbrev  0x00003e94      0x24f Src\bsp_driver_sd.o
 .debug_abbrev  0x000040e3      0x1d8 Src\can.o
 .debug_abbrev  0x000042bb      0x13c Src\fatfs.o
 .debug_abbrev  0x000043f7      0x14e Src\gpio.o
 .debug_abbrev  0x00004545      0x1fc Src\main.o
 .debug_abbrev  0x00004741      0x153 Src\rtc.o
 .debug_abbrev  0x00004894      0x1d9 Src\sdio.o
 .debug_abbrev  0x00004a6d      0x1bf Src\spi.o
 .debug_abbrev  0x00004c2c       0xc2 Src\stm32f4xx_hal_msp.o
 .debug_abbrev  0x00004cee      0x20c Src\stm32f4xx_it.o
 .debug_abbrev  0x00004efa      0x101 Src\system_stm32f4xx.o
 .debug_abbrev  0x00004ffb      0x273 Src\tim.o
 .debug_abbrev  0x0000526e      0x1bf Src\usart.o
 .debug_abbrev  0x0000542d      0x170 Src\usb_device.o
 .debug_abbrev  0x0000559d      0x221 Src\usbd_cdc_if.o
 .debug_abbrev  0x000057be      0x295 Src\usbd_conf.o
 .debug_abbrev  0x00005a53      0x1c8 Src\usbd_desc.o
 .debug_abbrev  0x00005c1b       0x12 startup\startup_stm32f407xx.o

.debug_loc      0x00000000    0x12232
 .debug_loc     0x00000000       0x91 Drivers\STM32F4xx_HAL_Driver\Src\stm32f4xx_hal.o
 .debug_loc     0x00000091      0x847 Drivers\STM32F4xx_HAL_Driver\Src\stm32f4xx_hal_can.o
 .debug_loc     0x000008d8      0x4cc Drivers\STM32F4xx_HAL_Driver\Src\stm32f4xx_hal_cortex.o
 .debug_loc     0x00000da4      0x740 Drivers\STM32F4xx_HAL_Driver\Src\stm32f4xx_hal_dma.o
 .debug_loc     0x000014e4      0x374 Drivers\STM32F4xx_HAL_Driver\Src\stm32f4xx_hal_gpio.o
 .debug_loc     0x00001858      0xb20 Drivers\STM32F4xx_HAL_Driver\Src\stm32f4xx_hal_pcd.o
 .debug_loc     0x00002378       0xda Drivers\STM32F4xx_HAL_Driver\Src\stm32f4xx_hal_pcd_ex.o
 .debug_loc     0x00002452      0x485 Drivers\STM32F4xx_HAL_Driver\Src\stm32f4xx_hal_rcc.o
 .debug_loc     0x000028d7      0x28f Drivers\STM32F4xx_HAL_Driver\Src\stm32f4xx_hal_rcc_ex.o
 .debug_loc     0x00002b66      0x82b Drivers\STM32F4xx_HAL_Driver\Src\stm32f4xx_hal_rtc.o
 .debug_loc     0x00003391      0xadc Drivers\STM32F4xx_HAL_Driver\Src\stm32f4xx_hal_rtc_ex.o
 .debug_loc     0x00003e6d     0x181d Drivers\STM32F4xx_HAL_Driver\Src\stm32f4xx_hal_sd.o
 .debug_loc     0x0000568a     0x181b Drivers\STM32F4xx_HAL_Driver\Src\stm32f4xx_hal_spi.o
 .debug_loc     0x00006ea5     0x3146 Drivers\STM32F4xx_HAL_Driver\Src\stm32f4xx_hal_tim.o
 .debug_loc     0x00009feb      0x8ec Drivers\STM32F4xx_HAL_Driver\Src\stm32f4xx_hal_tim_ex.o
 .debug_loc     0x0000a8d7     0x13be Drivers\STM32F4xx_HAL_Driver\Src\stm32f4xx_hal_uart.o
 .debug_loc     0x0000bc95     0x12c6 Drivers\STM32F4xx_HAL_Driver\Src\stm32f4xx_hal_usart.o
 .debug_loc     0x0000cf5b      0xf86 Drivers\STM32F4xx_HAL_Driver\Src\stm32f4xx_ll_sdmmc.o
 .debug_loc     0x0000dee1     0x154d Drivers\STM32F4xx_HAL_Driver\Src\stm32f4xx_ll_usb.o
 .debug_loc     0x0000f42e      0x4bc Middlewares\ST\STM32_USB_Device_Library\Class\CDC\Src\usbd_cdc.o
 .debug_loc     0x0000f8ea      0x5d9 Middlewares\ST\STM32_USB_Device_Library\Core\Src\usbd_core.o
 .debug_loc     0x0000fec3      0x6d9 Middlewares\ST\STM32_USB_Device_Library\Core\Src\usbd_ctlreq.o
 .debug_loc     0x0001059c      0x23c Middlewares\ST\STM32_USB_Device_Library\Core\Src\usbd_ioreq.o
 .debug_loc     0x000107d8      0x3d5 Middlewares\Third_Party\FatFs\src\drivers\sd_diskio.o
 .debug_loc     0x00010bad      0x2cc Middlewares\Third_Party\FatFs\src\ff_gen_drv.o
 .debug_loc     0x00010e79      0x3c6 Src\bsp_driver_sd.o
 .debug_loc     0x0001123f       0x4d Src\can.o
 .debug_loc     0x0001128c       0x4d Src\sdio.o
 .debug_loc     0x000112d9       0x4d Src\spi.o
 .debug_loc     0x00011326       0xd7 Src\system_stm32f4xx.o
 .debug_loc     0x000113fd       0xc1 Src\tim.o
 .debug_loc     0x000114be       0x9a Src\usart.o
 .debug_loc     0x00011558      0x10c Src\usbd_cdc_if.o
 .debug_loc     0x00011664      0x95b Src\usbd_conf.o
 .debug_loc     0x00011fbf      0x273 Src\usbd_desc.o

.debug_aranges  0x00000000     0x1858
 .debug_aranges
                0x00000000       0xc0 Drivers\STM32F4xx_HAL_Driver\Src\stm32f4xx_hal.o
 .debug_aranges
                0x000000c0       0x88 Drivers\STM32F4xx_HAL_Driver\Src\stm32f4xx_hal_can.o
 .debug_aranges
                0x00000148       0xa8 Drivers\STM32F4xx_HAL_Driver\Src\stm32f4xx_hal_cortex.o
 .debug_aranges
                0x000001f0       0x80 Drivers\STM32F4xx_HAL_Driver\Src\stm32f4xx_hal_dma.o
 .debug_aranges
                0x00000270       0x58 Drivers\STM32F4xx_HAL_Driver\Src\stm32f4xx_hal_gpio.o
 .debug_aranges
                0x000002c8       0xc0 Drivers\STM32F4xx_HAL_Driver\Src\stm32f4xx_hal_pcd.o
 .debug_aranges
                0x00000388       0x28 Drivers\STM32F4xx_HAL_Driver\Src\stm32f4xx_hal_pcd_ex.o
 .debug_aranges
                0x000003b0       0x80 Drivers\STM32F4xx_HAL_Driver\Src\stm32f4xx_hal_rcc.o
 .debug_aranges
                0x00000430       0x38 Drivers\STM32F4xx_HAL_Driver\Src\stm32f4xx_hal_rcc_ex.o
 .debug_aranges
                0x00000468       0xa8 Drivers\STM32F4xx_HAL_Driver\Src\stm32f4xx_hal_rtc.o
 .debug_aranges
                0x00000510      0x110 Drivers\STM32F4xx_HAL_Driver\Src\stm32f4xx_hal_rtc_ex.o
 .debug_aranges
                0x00000620       0xf8 Drivers\STM32F4xx_HAL_Driver\Src\stm32f4xx_hal_sd.o
 .debug_aranges
                0x00000718      0x180 Drivers\STM32F4xx_HAL_Driver\Src\stm32f4xx_hal_spi.o
 .debug_aranges
                0x00000898      0x250 Drivers\STM32F4xx_HAL_Driver\Src\stm32f4xx_hal_tim.o
 .debug_aranges
                0x00000ae8       0xf0 Drivers\STM32F4xx_HAL_Driver\Src\stm32f4xx_hal_tim_ex.o
 .debug_aranges
                0x00000bd8      0x170 Drivers\STM32F4xx_HAL_Driver\Src\stm32f4xx_hal_uart.o
 .debug_aranges
                0x00000d48      0x118 Drivers\STM32F4xx_HAL_Driver\Src\stm32f4xx_hal_usart.o
 .debug_aranges
                0x00000e60      0x150 Drivers\STM32F4xx_HAL_Driver\Src\stm32f4xx_ll_sdmmc.o
 .debug_aranges
                0x00000fb0      0x178 Drivers\STM32F4xx_HAL_Driver\Src\stm32f4xx_ll_usb.o
 .debug_aranges
                0x00001128       0x90 Middlewares\ST\STM32_USB_Device_Library\Class\CDC\Src\usbd_cdc.o
 .debug_aranges
                0x000011b8       0xa8 Middlewares\ST\STM32_USB_Device_Library\Core\Src\usbd_core.o
 .debug_aranges
                0x00001260       0x48 Middlewares\ST\STM32_USB_Device_Library\Core\Src\usbd_ctlreq.o
 .debug_aranges
                0x000012a8       0x50 Middlewares\ST\STM32_USB_Device_Library\Core\Src\usbd_ioreq.o
 .debug_aranges
                0x000012f8       0x40 Middlewares\Third_Party\FatFs\src\drivers\sd_diskio.o
 .debug_aranges
                0x00001338       0x40 Middlewares\Third_Party\FatFs\src\ff_gen_drv.o
 .debug_aranges
                0x00001378       0x90 Src\bsp_driver_sd.o
 .debug_aranges
                0x00001408       0x30 Src\can.o
 .debug_aranges
                0x00001438       0x28 Src\fatfs.o
 .debug_aranges
                0x00001460       0x20 Src\gpio.o
 .debug_aranges
                0x00001480       0x30 Src\main.o
 .debug_aranges
                0x000014b0       0x30 Src\rtc.o
 .debug_aranges
                0x000014e0       0x30 Src\sdio.o
 .debug_aranges
                0x00001510       0x30 Src\spi.o
 .debug_aranges
                0x00001540       0x20 Src\stm32f4xx_hal_msp.o
 .debug_aranges
                0x00001560       0x60 Src\stm32f4xx_it.o
 .debug_aranges
                0x000015c0       0x28 Src\system_stm32f4xx.o
 .debug_aranges
                0x000015e8       0x58 Src\tim.o
 .debug_aranges
                0x00001640       0x48 Src\usart.o
 .debug_aranges
                0x00001688       0x20 Src\usb_device.o
 .debug_aranges
                0x000016a8       0x40 Src\usbd_cdc_if.o
 .debug_aranges
                0x000016e8       0xf8 Src\usbd_conf.o
 .debug_aranges
                0x000017e0       0x50 Src\usbd_desc.o
 .debug_aranges
                0x00001830       0x28 startup\startup_stm32f407xx.o

.debug_ranges   0x00000000     0x1b28
 .debug_ranges  0x00000000       0xb0 Drivers\STM32F4xx_HAL_Driver\Src\stm32f4xx_hal.o
 .debug_ranges  0x000000b0       0x78 Drivers\STM32F4xx_HAL_Driver\Src\stm32f4xx_hal_can.o
 .debug_ranges  0x00000128      0x158 Drivers\STM32F4xx_HAL_Driver\Src\stm32f4xx_hal_cortex.o
 .debug_ranges  0x00000280       0xa8 Drivers\STM32F4xx_HAL_Driver\Src\stm32f4xx_hal_dma.o
 .debug_ranges  0x00000328       0x70 Drivers\STM32F4xx_HAL_Driver\Src\stm32f4xx_hal_gpio.o
 .debug_ranges  0x00000398       0xb0 Drivers\STM32F4xx_HAL_Driver\Src\stm32f4xx_hal_pcd.o
 .debug_ranges  0x00000448       0x18 Drivers\STM32F4xx_HAL_Driver\Src\stm32f4xx_hal_pcd_ex.o
 .debug_ranges  0x00000460      0x150 Drivers\STM32F4xx_HAL_Driver\Src\stm32f4xx_hal_rcc.o
 .debug_ranges  0x000005b0       0x70 Drivers\STM32F4xx_HAL_Driver\Src\stm32f4xx_hal_rcc_ex.o
 .debug_ranges  0x00000620       0x98 Drivers\STM32F4xx_HAL_Driver\Src\stm32f4xx_hal_rtc.o
 .debug_ranges  0x000006b8      0x100 Drivers\STM32F4xx_HAL_Driver\Src\stm32f4xx_hal_rtc_ex.o
 .debug_ranges  0x000007b8      0x138 Drivers\STM32F4xx_HAL_Driver\Src\stm32f4xx_hal_sd.o
 .debug_ranges  0x000008f0      0x1d0 Drivers\STM32F4xx_HAL_Driver\Src\stm32f4xx_hal_spi.o
 .debug_ranges  0x00000ac0      0x330 Drivers\STM32F4xx_HAL_Driver\Src\stm32f4xx_hal_tim.o
 .debug_ranges  0x00000df0       0xe0 Drivers\STM32F4xx_HAL_Driver\Src\stm32f4xx_hal_tim_ex.o
 .debug_ranges  0x00000ed0      0x178 Drivers\STM32F4xx_HAL_Driver\Src\stm32f4xx_hal_uart.o
 .debug_ranges  0x00001048      0x150 Drivers\STM32F4xx_HAL_Driver\Src\stm32f4xx_hal_usart.o
 .debug_ranges  0x00001198      0x158 Drivers\STM32F4xx_HAL_Driver\Src\stm32f4xx_ll_sdmmc.o
 .debug_ranges  0x000012f0      0x168 Drivers\STM32F4xx_HAL_Driver\Src\stm32f4xx_ll_usb.o
 .debug_ranges  0x00001458       0x80 Middlewares\ST\STM32_USB_Device_Library\Class\CDC\Src\usbd_cdc.o
 .debug_ranges  0x000014d8       0x98 Middlewares\ST\STM32_USB_Device_Library\Core\Src\usbd_core.o
 .debug_ranges  0x00001570       0x38 Middlewares\ST\STM32_USB_Device_Library\Core\Src\usbd_ctlreq.o
 .debug_ranges  0x000015a8       0x40 Middlewares\ST\STM32_USB_Device_Library\Core\Src\usbd_ioreq.o
 .debug_ranges  0x000015e8       0x30 Middlewares\Third_Party\FatFs\src\drivers\sd_diskio.o
 .debug_ranges  0x00001618       0x30 Middlewares\Third_Party\FatFs\src\ff_gen_drv.o
 .debug_ranges  0x00001648       0x80 Src\bsp_driver_sd.o
 .debug_ranges  0x000016c8       0x38 Src\can.o
 .debug_ranges  0x00001700       0x18 Src\fatfs.o
 .debug_ranges  0x00001718       0x40 Src\gpio.o
 .debug_ranges  0x00001758       0x20 Src\main.o
 .debug_ranges  0x00001778       0x20 Src\rtc.o
 .debug_ranges  0x00001798       0x40 Src\sdio.o
 .debug_ranges  0x000017d8       0x40 Src\spi.o
 .debug_ranges  0x00001818       0x10 Src\stm32f4xx_hal_msp.o
 .debug_ranges  0x00001828       0x50 Src\stm32f4xx_it.o
 .debug_ranges  0x00001878       0x18 Src\system_stm32f4xx.o
 .debug_ranges  0x00001890       0x88 Src\tim.o
 .debug_ranges  0x00001918       0x70 Src\usart.o
 .debug_ranges  0x00001988       0x10 Src\usb_device.o
 .debug_ranges  0x00001998       0x30 Src\usbd_cdc_if.o
 .debug_ranges  0x000019c8      0x100 Src\usbd_conf.o
 .debug_ranges  0x00001ac8       0x40 Src\usbd_desc.o
 .debug_ranges  0x00001b08       0x20 startup\startup_stm32f407xx.o

.debug_line     0x00000000     0xc523
 .debug_line    0x00000000      0x3c1 Drivers\STM32F4xx_HAL_Driver\Src\stm32f4xx_hal.o
 .debug_line    0x000003c1      0x6c0 Drivers\STM32F4xx_HAL_Driver\Src\stm32f4xx_hal_can.o
 .debug_line    0x00000a81      0x42c Drivers\STM32F4xx_HAL_Driver\Src\stm32f4xx_hal_cortex.o
 .debug_line    0x00000ead      0x53e Drivers\STM32F4xx_HAL_Driver\Src\stm32f4xx_hal_dma.o
 .debug_line    0x000013eb      0x3ca Drivers\STM32F4xx_HAL_Driver\Src\stm32f4xx_hal_gpio.o
 .debug_line    0x000017b5      0x66e Drivers\STM32F4xx_HAL_Driver\Src\stm32f4xx_hal_pcd.o
 .debug_line    0x00001e23      0x244 Drivers\STM32F4xx_HAL_Driver\Src\stm32f4xx_hal_pcd_ex.o
 .debug_line    0x00002067      0x59a Drivers\STM32F4xx_HAL_Driver\Src\stm32f4xx_hal_rcc.o
 .debug_line    0x00002601      0x338 Drivers\STM32F4xx_HAL_Driver\Src\stm32f4xx_hal_rcc_ex.o